 Kernel

 Timestamp is 62b92cbc (Sun Jun 26 21:06:20 2022)

 Preferred load address is 0000000010000000

 Start         Length     Name                   Class
 0001:00000000 000001c0H .text                   CODE
 0001:000001c0 00013fdfH .text$mn                CODE
 0002:00000000 0000002dH .unbox$M                CODE
 0003:00000000 0000b040H .managedcode$I          CODE
 0004:00000000 0002e658H .rdata                  DATA
 0004:0002e658 00000034H .rdata$voltmd           DATA
 0004:0002e68c 000001acH .rdata$zzzdbg           DATA
 0004:0002e838 00002510H .xdata                  DATA
 0004:00030d48 00000000H .edata                  DATA
 0005:00000000 00002f60H .data                   DATA
 0005:00002f60 001211a0H .bss                    DATA
 0006:00000000 000011b8H .pdata                  DATA
 0007:00000000 00000008H .modules$I              DATA
 0008:00000000 00000333H .msvcjmc                DATA
 0009:00000000 000000a0H .rsrc$01                DATA
 0009:000000a0 00000438H .rsrc$02                DATA

  Address         Publics by Value              Rva+Base               Lib:Object

 0000:00000000       __AbsoluteZero             0000000000000000     <absolute>
 0000:00000000       ___safe_se_handler_count   0000000000000000     <absolute>
 0000:00000000       ___safe_se_handler_table   0000000000000000     <absolute>
 0000:00000000       __arm64x_extra_rfe_table   0000000000000000     <absolute>
 0000:00000000       __arm64x_extra_rfe_table_size 0000000000000000     <absolute>
 0000:00000000       __arm64x_native_entrypoint 0000000000000000     <absolute>
 0000:00000000       __arm64x_redirection_metadata 0000000000000000     <absolute>
 0000:00000000       __arm64x_redirection_metadata_count 0000000000000000     <absolute>
 0000:00000000       __dynamic_value_reloc_table 0000000000000000     <absolute>
 0000:00000000       __enclave_config           0000000000000000     <absolute>
 0000:00000000       __guard_check_icall_a64n_fptr 0000000000000000     <absolute>
 0000:00000000       __guard_eh_cont_count      0000000000000000     <absolute>
 0000:00000000       __guard_eh_cont_table      0000000000000000     <absolute>
 0000:00000000       __guard_fids_count         0000000000000000     <absolute>
 0000:00000000       __guard_fids_table         0000000000000000     <absolute>
 0000:00000000       __guard_iat_count          0000000000000000     <absolute>
 0000:00000000       __guard_iat_table          0000000000000000     <absolute>
 0000:00000000       __guard_longjmp_count      0000000000000000     <absolute>
 0000:00000000       __guard_longjmp_table      0000000000000000     <absolute>
 0000:00000000       __hybrid_auxiliary_iat     0000000000000000     <absolute>
 0000:00000000       __hybrid_auxiliary_iat_copy 0000000000000000     <absolute>
 0000:00000000       __hybrid_code_map          0000000000000000     <absolute>
 0000:00000000       __hybrid_code_map_count    0000000000000000     <absolute>
 0000:00000000       __x64_code_ranges_to_entry_points 0000000000000000     <absolute>
 0000:00000000       __x64_code_ranges_to_entry_points_count 0000000000000000     <absolute>
 0000:00000100       __guard_flags              0000000000000100     <absolute>
 0000:00000000       __ImageBase                0000000010000000     <linker-defined>
 0001:00000000       __GetNonGCStaticBase_Kernel_GDT 0000000010001000     Kernel.obj
 0001:00000008       __GetNonGCStaticBase_Kernel_moose_PageTable 0000000010001008     Kernel.obj
 0001:00000010       __GetNonGCStaticBase_Kernel_moose_Misc_IDT 0000000010001010     Kernel.obj
 0001:00000018       __GetNonGCStaticBase_Kernel_moose_Memory_Allocator 0000000010001018     Kernel.obj
 0001:00000020       __GetNonGCStaticBase_Kernel_moose_Memory_GC 0000000010001020     Kernel.obj
 0001:00000028       __GetNonGCStaticBase_Kernel_moose_Networking_RTL8139 0000000010001028     Kernel.obj
 0001:00000030       __GetNonGCStaticBase_Kernel_moose_Networking_TCP 0000000010001030     Kernel.obj
 0001:00000038       __GetNonGCStaticBase_Kernel_moose_Timing_RTC 0000000010001038     Kernel.obj
 0001:00000040       __GetNonGCStaticBase_Kernel_moose_Timing_Timer 0000000010001040     Kernel.obj
 0001:00000048       __GetNonGCStaticBase_Kernel_moose_FileSystem_SATA 0000000010001048     Kernel.obj
 0001:00000050       __GetNonGCStaticBase_Kernel_moose_Drivers_HPET 0000000010001050     Kernel.obj
 0001:00000058       __GetNonGCStaticBase_Kernel_moose_Drivers_Intel8254X 0000000010001058     Kernel.obj
 0001:00000060       __GetNonGCStaticBase_Kernel_moose_Drivers_PS2Keyboard 0000000010001060     Kernel.obj
 0001:00000068       __GetNonGCStaticBase_Kernel_moose_Drivers_PS2Mouse 0000000010001068     Kernel.obj
 0001:00000070       __GetNonGCStaticBase_Kernel_moose_Graphics_Framebuffer 0000000010001070     Kernel.obj
 0001:00000078       __GetNonGCStaticBase_Kernel_moose_Graphics_VBE 0000000010001078     Kernel.obj
 0001:00000080       __GetNonGCStaticBase_Kernel_moose_Power_ACPI 0000000010001080     Kernel.obj
 0001:00000088       __GetNonGCStaticBase_Kernel_moose_Audio_AC97 0000000010001088     Kernel.obj
 0001:00000090       __GetNonGCStaticBase_Kernel_moose_Audio_Audio 0000000010001090     Kernel.obj
 0001:00000098       __GetNonGCStaticBase_Kernel_System_DateTime 0000000010001098     Kernel.obj
 0001:000000b5       __GetNonGCStaticBase_Kernel_System_Console 00000000100010b5     Kernel.obj
 0001:000000bd       __GetNonGCStaticBase_Kernel_System_Windows_Forms_Control 00000000100010bd     Kernel.obj
 0001:000000c5       __GetNonGCStaticBase_Kernel_System_Threading_ThreadPool 00000000100010c5     Kernel.obj
 0001:000000cd       __GetGCStaticBase_Kernel_moose_UDP 00000000100010cd     Kernel.obj
 0001:000000d8       __GetGCStaticBase_Kernel_moose_Misc_IDT 00000000100010d8     Kernel.obj
 0001:000000e3       __GetGCStaticBase_Kernel_moose_Misc_Interrupts 00000000100010e3     Kernel.obj
 0001:000000ee       __GetGCStaticBase_Kernel_moose_Networking_ARP 00000000100010ee     Kernel.obj
 0001:000000f9       __GetGCStaticBase_Kernel_moose_Networking_Network 00000000100010f9     Kernel.obj
 0001:00000104       __GetGCStaticBase_Kernel_moose_Networking_TCP 0000000010001104     Kernel.obj
 0001:0000010f       __GetGCStaticBase_Kernel_moose_FileSystem_IDE 000000001000110f     Kernel.obj
 0001:0000011a       __GetGCStaticBase_Kernel_moose_FileSystem_SATA 000000001000111a     Kernel.obj
 0001:00000125       __GetGCStaticBase_Kernel_moose_FileSystem_Disk 0000000010001125     Kernel.obj
 0001:00000130       __GetGCStaticBase_Kernel_moose_FileSystem_File 0000000010001130     Kernel.obj
 0001:0000013b       __GetGCStaticBase_Kernel_moose_Drivers_PCI 000000001000113b     Kernel.obj
 0001:00000146       __GetGCStaticBase_Kernel_moose_Drivers_PS2Keyboard 0000000010001146     Kernel.obj
 0001:00000151       __GetGCStaticBase_Kernel_moose_Drivers_PS2Mouse 0000000010001151     Kernel.obj
 0001:0000015c       __GetGCStaticBase_Kernel_moose_Drivers_ASC16 000000001000115c     Kernel.obj
 0001:00000167       __GetGCStaticBase_Kernel_moose_Graphics_Framebuffer 0000000010001167     Kernel.obj
 0001:00000172       __GetGCStaticBase_Kernel_moose_Power_ACPI 0000000010001172     Kernel.obj
 0001:0000017d       __GetGCStaticBase_Kernel_moose_Audio_Audio 000000001000117d     Kernel.obj
 0001:00000188       __GetGCStaticBase_Kernel_System_DateTime 0000000010001188     Kernel.obj
 0001:000001a8       __GetGCStaticBase_Kernel_System_Console 00000000100011a8     Kernel.obj
 0001:000001b3       __GetGCStaticBase_Kernel_System_Threading_ThreadPool 00000000100011b3     Kernel.obj
 0001:000001c0       CPUID                      00000000100011c0 f   NativeLib:native.obj
 0001:00000210       Cli                        0000000010001210 f   NativeLib:native.obj
 0001:00000240       Fxrstor64                  0000000010001240 f   NativeLib:native.obj
 0001:00000270       Fxsave64                   0000000010001270 f   NativeLib:native.obj
 0001:000002a0       Hlt                        00000000100012a0 f   NativeLib:native.obj
 0001:000002d0       Invlpg                     00000000100012d0 f   NativeLib:native.obj
 0001:00000300       Nop                        0000000010001300 f   NativeLib:native.obj
 0001:00000320       Rdmsr                      0000000010001320 f   NativeLib:native.obj
 0001:00000350       Rdtsc                      0000000010001350 f   NativeLib:native.obj
 0001:00000380       ReadCR2                    0000000010001380 f   NativeLib:native.obj
 0001:000003a0       Sti                        00000000100013a0 f   NativeLib:native.obj
 0001:000003d0       WriteCR3                   00000000100013d0 f   NativeLib:native.obj
 0001:00000400       Wrmsr                      0000000010001400 f   NativeLib:native.obj
 0001:00000440       __JustMyCode_Default       0000000010001440 f i NativeLib:native.obj
 0001:00000450       enable_avx                 0000000010001450 f   NativeLib:misc.obj
 0001:00000463       enable_sse                 0000000010001463 f   NativeLib:misc.obj
 0001:00000480       Movsb                      0000000010001480 f   NativeLib:mem.obj
 0001:000004c0       Movsd                      00000000100014c0 f   NativeLib:mem.obj
 0001:00000500       Stosb                      0000000010001500 f   NativeLib:mem.obj
 0001:00000550       Stosd                      0000000010001550 f   NativeLib:mem.obj
 0001:000005a0       avx_memcpy                 00000000100015a0 f   NativeLib:mem.obj
 0001:000006a0       fatfs_init                 00000000100016a0 f   NativeLib:fatfs.obj
 0001:00000720       format_exfat               0000000010001720 f   NativeLib:fatfs.obj
 0001:000007a0       get_files                  00000000100017a0 f   NativeLib:fatfs.obj
 0001:000008e0       read_all_bytes             00000000100018e0 f   NativeLib:fatfs.obj
 0001:000009a0       write_all_bytes            00000000100019a0 f   NativeLib:fatfs.obj
 0001:00000a40       Load_GDT                   0000000010001a40 f   NativeLib:interrupts.obj
 0001:00000a70       idt_set                    0000000010001a70 f   NativeLib:interrupts.obj
 0001:00000b50       set_idt_entries            0000000010001b50 f   NativeLib:interrupts.obj
 0001:00002a90       isr0                       0000000010003a90 f   NativeLib:interrupts_asm.obj
 0001:00002ad6       isr1                       0000000010003ad6 f   NativeLib:interrupts_asm.obj
 0001:00002b1c       isr2                       0000000010003b1c f   NativeLib:interrupts_asm.obj
 0001:00002b62       isr3                       0000000010003b62 f   NativeLib:interrupts_asm.obj
 0001:00002ba8       isr4                       0000000010003ba8 f   NativeLib:interrupts_asm.obj
 0001:00002bee       isr5                       0000000010003bee f   NativeLib:interrupts_asm.obj
 0001:00002c34       isr6                       0000000010003c34 f   NativeLib:interrupts_asm.obj
 0001:00002c7a       isr7                       0000000010003c7a f   NativeLib:interrupts_asm.obj
 0001:00002cc0       isr8                       0000000010003cc0 f   NativeLib:interrupts_asm.obj
 0001:00002d06       isr9                       0000000010003d06 f   NativeLib:interrupts_asm.obj
 0001:00002d4c       isr10                      0000000010003d4c f   NativeLib:interrupts_asm.obj
 0001:00002d92       isr11                      0000000010003d92 f   NativeLib:interrupts_asm.obj
 0001:00002dd8       isr12                      0000000010003dd8 f   NativeLib:interrupts_asm.obj
 0001:00002e1e       isr13                      0000000010003e1e f   NativeLib:interrupts_asm.obj
 0001:00002e64       isr14                      0000000010003e64 f   NativeLib:interrupts_asm.obj
 0001:00002eaa       isr15                      0000000010003eaa f   NativeLib:interrupts_asm.obj
 0001:00002ef0       isr16                      0000000010003ef0 f   NativeLib:interrupts_asm.obj
 0001:00002f36       isr17                      0000000010003f36 f   NativeLib:interrupts_asm.obj
 0001:00002f7c       isr18                      0000000010003f7c f   NativeLib:interrupts_asm.obj
 0001:00002fc2       isr19                      0000000010003fc2 f   NativeLib:interrupts_asm.obj
 0001:00003008       isr20                      0000000010004008 f   NativeLib:interrupts_asm.obj
 0001:0000304e       isr21                      000000001000404e f   NativeLib:interrupts_asm.obj
 0001:00003094       isr22                      0000000010004094 f   NativeLib:interrupts_asm.obj
 0001:000030da       isr23                      00000000100040da f   NativeLib:interrupts_asm.obj
 0001:00003120       isr24                      0000000010004120 f   NativeLib:interrupts_asm.obj
 0001:00003166       isr25                      0000000010004166 f   NativeLib:interrupts_asm.obj
 0001:000031ac       isr26                      00000000100041ac f   NativeLib:interrupts_asm.obj
 0001:000031f2       isr27                      00000000100041f2 f   NativeLib:interrupts_asm.obj
 0001:00003238       isr28                      0000000010004238 f   NativeLib:interrupts_asm.obj
 0001:0000327e       isr29                      000000001000427e f   NativeLib:interrupts_asm.obj
 0001:000032c4       isr30                      00000000100042c4 f   NativeLib:interrupts_asm.obj
 0001:0000330a       isr31                      000000001000430a f   NativeLib:interrupts_asm.obj
 0001:00003350       isr128                     0000000010004350 f   NativeLib:interrupts_asm.obj
 0001:00003399       irq0                       0000000010004399 f   NativeLib:interrupts_asm.obj
 0001:000033df       irq1                       00000000100043df f   NativeLib:interrupts_asm.obj
 0001:00003425       irq2                       0000000010004425 f   NativeLib:interrupts_asm.obj
 0001:0000346b       irq3                       000000001000446b f   NativeLib:interrupts_asm.obj
 0001:000034b1       irq4                       00000000100044b1 f   NativeLib:interrupts_asm.obj
 0001:000034f7       irq5                       00000000100044f7 f   NativeLib:interrupts_asm.obj
 0001:0000353d       irq6                       000000001000453d f   NativeLib:interrupts_asm.obj
 0001:00003583       irq7                       0000000010004583 f   NativeLib:interrupts_asm.obj
 0001:000035c9       irq8                       00000000100045c9 f   NativeLib:interrupts_asm.obj
 0001:0000360f       irq9                       000000001000460f f   NativeLib:interrupts_asm.obj
 0001:00003655       irq10                      0000000010004655 f   NativeLib:interrupts_asm.obj
 0001:0000369b       irq11                      000000001000469b f   NativeLib:interrupts_asm.obj
 0001:000036e1       irq12                      00000000100046e1 f   NativeLib:interrupts_asm.obj
 0001:00003727       irq13                      0000000010004727 f   NativeLib:interrupts_asm.obj
 0001:0000376d       irq14                      000000001000476d f   NativeLib:interrupts_asm.obj
 0001:000037b3       irq15                      00000000100047b3 f   NativeLib:interrupts_asm.obj
 0001:000037f9       irq16                      00000000100047f9 f   NativeLib:interrupts_asm.obj
 0001:0000383f       irq17                      000000001000483f f   NativeLib:interrupts_asm.obj
 0001:00003885       irq18                      0000000010004885 f   NativeLib:interrupts_asm.obj
 0001:000038cb       irq19                      00000000100048cb f   NativeLib:interrupts_asm.obj
 0001:00003911       irq20                      0000000010004911 f   NativeLib:interrupts_asm.obj
 0001:00003957       irq21                      0000000010004957 f   NativeLib:interrupts_asm.obj
 0001:0000399d       irq22                      000000001000499d f   NativeLib:interrupts_asm.obj
 0001:000039e3       irq23                      00000000100049e3 f   NativeLib:interrupts_asm.obj
 0001:00003a29       irq24                      0000000010004a29 f   NativeLib:interrupts_asm.obj
 0001:00003a6f       irq25                      0000000010004a6f f   NativeLib:interrupts_asm.obj
 0001:00003ab5       irq26                      0000000010004ab5 f   NativeLib:interrupts_asm.obj
 0001:00003afb       irq27                      0000000010004afb f   NativeLib:interrupts_asm.obj
 0001:00003b41       irq28                      0000000010004b41 f   NativeLib:interrupts_asm.obj
 0001:00003b87       irq29                      0000000010004b87 f   NativeLib:interrupts_asm.obj
 0001:00003bcd       irq30                      0000000010004bcd f   NativeLib:interrupts_asm.obj
 0001:00003c13       irq31                      0000000010004c13 f   NativeLib:interrupts_asm.obj
 0001:00003c59       irq32                      0000000010004c59 f   NativeLib:interrupts_asm.obj
 0001:00003c9f       irq33                      0000000010004c9f f   NativeLib:interrupts_asm.obj
 0001:00003ce5       irq34                      0000000010004ce5 f   NativeLib:interrupts_asm.obj
 0001:00003d2b       irq35                      0000000010004d2b f   NativeLib:interrupts_asm.obj
 0001:00003d71       irq36                      0000000010004d71 f   NativeLib:interrupts_asm.obj
 0001:00003db7       irq37                      0000000010004db7 f   NativeLib:interrupts_asm.obj
 0001:00003dfd       irq38                      0000000010004dfd f   NativeLib:interrupts_asm.obj
 0001:00003e43       irq39                      0000000010004e43 f   NativeLib:interrupts_asm.obj
 0001:00003e89       irq40                      0000000010004e89 f   NativeLib:interrupts_asm.obj
 0001:00003ecf       irq41                      0000000010004ecf f   NativeLib:interrupts_asm.obj
 0001:00003f15       irq42                      0000000010004f15 f   NativeLib:interrupts_asm.obj
 0001:00003f5b       irq43                      0000000010004f5b f   NativeLib:interrupts_asm.obj
 0001:00003fa1       irq44                      0000000010004fa1 f   NativeLib:interrupts_asm.obj
 0001:00003fe7       irq45                      0000000010004fe7 f   NativeLib:interrupts_asm.obj
 0001:0000402d       irq46                      000000001000502d f   NativeLib:interrupts_asm.obj
 0001:00004073       irq47                      0000000010005073 f   NativeLib:interrupts_asm.obj
 0001:000040b9       irq48                      00000000100050b9 f   NativeLib:interrupts_asm.obj
 0001:000040ff       irq49                      00000000100050ff f   NativeLib:interrupts_asm.obj
 0001:00004145       irq50                      0000000010005145 f   NativeLib:interrupts_asm.obj
 0001:0000418b       irq51                      000000001000518b f   NativeLib:interrupts_asm.obj
 0001:000041d1       irq52                      00000000100051d1 f   NativeLib:interrupts_asm.obj
 0001:00004217       irq53                      0000000010005217 f   NativeLib:interrupts_asm.obj
 0001:0000425d       irq54                      000000001000525d f   NativeLib:interrupts_asm.obj
 0001:000042a3       irq55                      00000000100052a3 f   NativeLib:interrupts_asm.obj
 0001:000042e9       irq56                      00000000100052e9 f   NativeLib:interrupts_asm.obj
 0001:0000432f       irq57                      000000001000532f f   NativeLib:interrupts_asm.obj
 0001:00004375       irq58                      0000000010005375 f   NativeLib:interrupts_asm.obj
 0001:000043bb       irq59                      00000000100053bb f   NativeLib:interrupts_asm.obj
 0001:00004401       irq60                      0000000010005401 f   NativeLib:interrupts_asm.obj
 0001:00004447       irq61                      0000000010005447 f   NativeLib:interrupts_asm.obj
 0001:0000448d       irq62                      000000001000548d f   NativeLib:interrupts_asm.obj
 0001:000044d3       irq63                      00000000100054d3 f   NativeLib:interrupts_asm.obj
 0001:00004519       irq64                      0000000010005519 f   NativeLib:interrupts_asm.obj
 0001:0000455f       irq65                      000000001000555f f   NativeLib:interrupts_asm.obj
 0001:000045a5       irq66                      00000000100055a5 f   NativeLib:interrupts_asm.obj
 0001:000045eb       irq67                      00000000100055eb f   NativeLib:interrupts_asm.obj
 0001:00004631       irq68                      0000000010005631 f   NativeLib:interrupts_asm.obj
 0001:00004677       irq69                      0000000010005677 f   NativeLib:interrupts_asm.obj
 0001:000046bd       irq70                      00000000100056bd f   NativeLib:interrupts_asm.obj
 0001:00004703       irq71                      0000000010005703 f   NativeLib:interrupts_asm.obj
 0001:00004749       irq72                      0000000010005749 f   NativeLib:interrupts_asm.obj
 0001:0000478f       irq73                      000000001000578f f   NativeLib:interrupts_asm.obj
 0001:000047d5       irq74                      00000000100057d5 f   NativeLib:interrupts_asm.obj
 0001:0000481b       irq75                      000000001000581b f   NativeLib:interrupts_asm.obj
 0001:00004861       irq76                      0000000010005861 f   NativeLib:interrupts_asm.obj
 0001:000048a7       irq77                      00000000100058a7 f   NativeLib:interrupts_asm.obj
 0001:000048ed       irq78                      00000000100058ed f   NativeLib:interrupts_asm.obj
 0001:00004933       irq79                      0000000010005933 f   NativeLib:interrupts_asm.obj
 0001:00004979       irq80                      0000000010005979 f   NativeLib:interrupts_asm.obj
 0001:000049bf       irq81                      00000000100059bf f   NativeLib:interrupts_asm.obj
 0001:00004a05       irq82                      0000000010005a05 f   NativeLib:interrupts_asm.obj
 0001:00004a4b       irq83                      0000000010005a4b f   NativeLib:interrupts_asm.obj
 0001:00004a91       irq84                      0000000010005a91 f   NativeLib:interrupts_asm.obj
 0001:00004ad7       irq85                      0000000010005ad7 f   NativeLib:interrupts_asm.obj
 0001:00004b1d       irq86                      0000000010005b1d f   NativeLib:interrupts_asm.obj
 0001:00004b63       irq87                      0000000010005b63 f   NativeLib:interrupts_asm.obj
 0001:00004ba9       irq88                      0000000010005ba9 f   NativeLib:interrupts_asm.obj
 0001:00004bef       irq89                      0000000010005bef f   NativeLib:interrupts_asm.obj
 0001:00004c35       irq90                      0000000010005c35 f   NativeLib:interrupts_asm.obj
 0001:00004c7b       irq91                      0000000010005c7b f   NativeLib:interrupts_asm.obj
 0001:00004cc1       irq92                      0000000010005cc1 f   NativeLib:interrupts_asm.obj
 0001:00004d07       irq93                      0000000010005d07 f   NativeLib:interrupts_asm.obj
 0001:00004d4d       irq94                      0000000010005d4d f   NativeLib:interrupts_asm.obj
 0001:00004d93       irq95                      0000000010005d93 f   NativeLib:interrupts_asm.obj
 0001:00004dd9       irq96                      0000000010005dd9 f   NativeLib:interrupts_asm.obj
 0001:00004e1f       irq97                      0000000010005e1f f   NativeLib:interrupts_asm.obj
 0001:00004e65       irq98                      0000000010005e65 f   NativeLib:interrupts_asm.obj
 0001:00004eab       irq99                      0000000010005eab f   NativeLib:interrupts_asm.obj
 0001:00004ef1       irq100                     0000000010005ef1 f   NativeLib:interrupts_asm.obj
 0001:00004f37       irq101                     0000000010005f37 f   NativeLib:interrupts_asm.obj
 0001:00004f7d       irq102                     0000000010005f7d f   NativeLib:interrupts_asm.obj
 0001:00004fc3       irq103                     0000000010005fc3 f   NativeLib:interrupts_asm.obj
 0001:00005009       irq104                     0000000010006009 f   NativeLib:interrupts_asm.obj
 0001:0000504f       irq105                     000000001000604f f   NativeLib:interrupts_asm.obj
 0001:00005095       irq106                     0000000010006095 f   NativeLib:interrupts_asm.obj
 0001:000050db       irq107                     00000000100060db f   NativeLib:interrupts_asm.obj
 0001:00005121       irq108                     0000000010006121 f   NativeLib:interrupts_asm.obj
 0001:00005167       irq109                     0000000010006167 f   NativeLib:interrupts_asm.obj
 0001:000051ad       irq110                     00000000100061ad f   NativeLib:interrupts_asm.obj
 0001:000051f3       irq111                     00000000100061f3 f   NativeLib:interrupts_asm.obj
 0001:00005239       irq112                     0000000010006239 f   NativeLib:interrupts_asm.obj
 0001:0000527f       irq113                     000000001000627f f   NativeLib:interrupts_asm.obj
 0001:000052c5       irq114                     00000000100062c5 f   NativeLib:interrupts_asm.obj
 0001:0000530b       irq115                     000000001000630b f   NativeLib:interrupts_asm.obj
 0001:00005351       irq116                     0000000010006351 f   NativeLib:interrupts_asm.obj
 0001:00005397       irq117                     0000000010006397 f   NativeLib:interrupts_asm.obj
 0001:000053dd       irq118                     00000000100063dd f   NativeLib:interrupts_asm.obj
 0001:00005423       irq119                     0000000010006423 f   NativeLib:interrupts_asm.obj
 0001:00005469       irq120                     0000000010006469 f   NativeLib:interrupts_asm.obj
 0001:000054af       irq121                     00000000100064af f   NativeLib:interrupts_asm.obj
 0001:000054f5       irq122                     00000000100064f5 f   NativeLib:interrupts_asm.obj
 0001:0000553b       irq123                     000000001000653b f   NativeLib:interrupts_asm.obj
 0001:00005581       irq124                     0000000010006581 f   NativeLib:interrupts_asm.obj
 0001:000055c7       irq125                     00000000100065c7 f   NativeLib:interrupts_asm.obj
 0001:0000560d       irq126                     000000001000660d f   NativeLib:interrupts_asm.obj
 0001:00005653       irq127                     0000000010006653 f   NativeLib:interrupts_asm.obj
 0001:00005699       irq128                     0000000010006699 f   NativeLib:interrupts_asm.obj
 0001:000056e2       irq129                     00000000100066e2 f   NativeLib:interrupts_asm.obj
 0001:0000572b       irq130                     000000001000672b f   NativeLib:interrupts_asm.obj
 0001:00005774       irq131                     0000000010006774 f   NativeLib:interrupts_asm.obj
 0001:000057bd       irq132                     00000000100067bd f   NativeLib:interrupts_asm.obj
 0001:00005806       irq133                     0000000010006806 f   NativeLib:interrupts_asm.obj
 0001:0000584f       irq134                     000000001000684f f   NativeLib:interrupts_asm.obj
 0001:00005898       irq135                     0000000010006898 f   NativeLib:interrupts_asm.obj
 0001:000058e1       irq136                     00000000100068e1 f   NativeLib:interrupts_asm.obj
 0001:0000592a       irq137                     000000001000692a f   NativeLib:interrupts_asm.obj
 0001:00005973       irq138                     0000000010006973 f   NativeLib:interrupts_asm.obj
 0001:000059bc       irq139                     00000000100069bc f   NativeLib:interrupts_asm.obj
 0001:00005a05       irq140                     0000000010006a05 f   NativeLib:interrupts_asm.obj
 0001:00005a4e       irq141                     0000000010006a4e f   NativeLib:interrupts_asm.obj
 0001:00005a97       irq142                     0000000010006a97 f   NativeLib:interrupts_asm.obj
 0001:00005ae0       irq143                     0000000010006ae0 f   NativeLib:interrupts_asm.obj
 0001:00005b29       irq144                     0000000010006b29 f   NativeLib:interrupts_asm.obj
 0001:00005b72       irq145                     0000000010006b72 f   NativeLib:interrupts_asm.obj
 0001:00005bbb       irq146                     0000000010006bbb f   NativeLib:interrupts_asm.obj
 0001:00005c04       irq147                     0000000010006c04 f   NativeLib:interrupts_asm.obj
 0001:00005c4d       irq148                     0000000010006c4d f   NativeLib:interrupts_asm.obj
 0001:00005c96       irq149                     0000000010006c96 f   NativeLib:interrupts_asm.obj
 0001:00005cdf       irq150                     0000000010006cdf f   NativeLib:interrupts_asm.obj
 0001:00005d28       irq151                     0000000010006d28 f   NativeLib:interrupts_asm.obj
 0001:00005d71       irq152                     0000000010006d71 f   NativeLib:interrupts_asm.obj
 0001:00005dba       irq153                     0000000010006dba f   NativeLib:interrupts_asm.obj
 0001:00005e03       irq154                     0000000010006e03 f   NativeLib:interrupts_asm.obj
 0001:00005e4c       irq155                     0000000010006e4c f   NativeLib:interrupts_asm.obj
 0001:00005e95       irq156                     0000000010006e95 f   NativeLib:interrupts_asm.obj
 0001:00005ede       irq157                     0000000010006ede f   NativeLib:interrupts_asm.obj
 0001:00005f27       irq158                     0000000010006f27 f   NativeLib:interrupts_asm.obj
 0001:00005f70       irq159                     0000000010006f70 f   NativeLib:interrupts_asm.obj
 0001:00005fb9       irq160                     0000000010006fb9 f   NativeLib:interrupts_asm.obj
 0001:00006002       irq161                     0000000010007002 f   NativeLib:interrupts_asm.obj
 0001:0000604b       irq162                     000000001000704b f   NativeLib:interrupts_asm.obj
 0001:00006094       irq163                     0000000010007094 f   NativeLib:interrupts_asm.obj
 0001:000060dd       irq164                     00000000100070dd f   NativeLib:interrupts_asm.obj
 0001:00006126       irq165                     0000000010007126 f   NativeLib:interrupts_asm.obj
 0001:0000616f       irq166                     000000001000716f f   NativeLib:interrupts_asm.obj
 0001:000061b8       irq167                     00000000100071b8 f   NativeLib:interrupts_asm.obj
 0001:00006201       irq168                     0000000010007201 f   NativeLib:interrupts_asm.obj
 0001:0000624a       irq169                     000000001000724a f   NativeLib:interrupts_asm.obj
 0001:00006293       irq170                     0000000010007293 f   NativeLib:interrupts_asm.obj
 0001:000062dc       irq171                     00000000100072dc f   NativeLib:interrupts_asm.obj
 0001:00006325       irq172                     0000000010007325 f   NativeLib:interrupts_asm.obj
 0001:0000636e       irq173                     000000001000736e f   NativeLib:interrupts_asm.obj
 0001:000063b7       irq174                     00000000100073b7 f   NativeLib:interrupts_asm.obj
 0001:00006400       irq175                     0000000010007400 f   NativeLib:interrupts_asm.obj
 0001:00006449       irq176                     0000000010007449 f   NativeLib:interrupts_asm.obj
 0001:00006492       irq177                     0000000010007492 f   NativeLib:interrupts_asm.obj
 0001:000064db       irq178                     00000000100074db f   NativeLib:interrupts_asm.obj
 0001:00006524       irq179                     0000000010007524 f   NativeLib:interrupts_asm.obj
 0001:0000656d       irq180                     000000001000756d f   NativeLib:interrupts_asm.obj
 0001:000065b6       irq181                     00000000100075b6 f   NativeLib:interrupts_asm.obj
 0001:000065ff       irq182                     00000000100075ff f   NativeLib:interrupts_asm.obj
 0001:00006648       irq183                     0000000010007648 f   NativeLib:interrupts_asm.obj
 0001:00006691       irq184                     0000000010007691 f   NativeLib:interrupts_asm.obj
 0001:000066da       irq185                     00000000100076da f   NativeLib:interrupts_asm.obj
 0001:00006723       irq186                     0000000010007723 f   NativeLib:interrupts_asm.obj
 0001:0000676c       irq187                     000000001000776c f   NativeLib:interrupts_asm.obj
 0001:000067b5       irq188                     00000000100077b5 f   NativeLib:interrupts_asm.obj
 0001:000067fe       irq189                     00000000100077fe f   NativeLib:interrupts_asm.obj
 0001:00006847       irq190                     0000000010007847 f   NativeLib:interrupts_asm.obj
 0001:00006890       irq191                     0000000010007890 f   NativeLib:interrupts_asm.obj
 0001:000068d9       irq192                     00000000100078d9 f   NativeLib:interrupts_asm.obj
 0001:00006922       irq193                     0000000010007922 f   NativeLib:interrupts_asm.obj
 0001:0000696b       irq194                     000000001000796b f   NativeLib:interrupts_asm.obj
 0001:000069b4       irq195                     00000000100079b4 f   NativeLib:interrupts_asm.obj
 0001:000069fd       irq196                     00000000100079fd f   NativeLib:interrupts_asm.obj
 0001:00006a46       irq197                     0000000010007a46 f   NativeLib:interrupts_asm.obj
 0001:00006a8f       irq198                     0000000010007a8f f   NativeLib:interrupts_asm.obj
 0001:00006ad8       irq199                     0000000010007ad8 f   NativeLib:interrupts_asm.obj
 0001:00006b21       irq200                     0000000010007b21 f   NativeLib:interrupts_asm.obj
 0001:00006b6a       irq201                     0000000010007b6a f   NativeLib:interrupts_asm.obj
 0001:00006bb3       irq202                     0000000010007bb3 f   NativeLib:interrupts_asm.obj
 0001:00006bfc       irq203                     0000000010007bfc f   NativeLib:interrupts_asm.obj
 0001:00006c45       irq204                     0000000010007c45 f   NativeLib:interrupts_asm.obj
 0001:00006c8e       irq205                     0000000010007c8e f   NativeLib:interrupts_asm.obj
 0001:00006cd7       irq206                     0000000010007cd7 f   NativeLib:interrupts_asm.obj
 0001:00006d20       irq207                     0000000010007d20 f   NativeLib:interrupts_asm.obj
 0001:00006d69       irq208                     0000000010007d69 f   NativeLib:interrupts_asm.obj
 0001:00006db2       irq209                     0000000010007db2 f   NativeLib:interrupts_asm.obj
 0001:00006dfb       irq210                     0000000010007dfb f   NativeLib:interrupts_asm.obj
 0001:00006e44       irq211                     0000000010007e44 f   NativeLib:interrupts_asm.obj
 0001:00006e8d       irq212                     0000000010007e8d f   NativeLib:interrupts_asm.obj
 0001:00006ed6       irq213                     0000000010007ed6 f   NativeLib:interrupts_asm.obj
 0001:00006f1f       irq214                     0000000010007f1f f   NativeLib:interrupts_asm.obj
 0001:00006f68       irq215                     0000000010007f68 f   NativeLib:interrupts_asm.obj
 0001:00006fb1       irq216                     0000000010007fb1 f   NativeLib:interrupts_asm.obj
 0001:00006ffa       irq217                     0000000010007ffa f   NativeLib:interrupts_asm.obj
 0001:00007043       irq218                     0000000010008043 f   NativeLib:interrupts_asm.obj
 0001:0000708c       irq219                     000000001000808c f   NativeLib:interrupts_asm.obj
 0001:000070d5       irq220                     00000000100080d5 f   NativeLib:interrupts_asm.obj
 0001:0000711e       irq221                     000000001000811e f   NativeLib:interrupts_asm.obj
 0001:00007167       irq222                     0000000010008167 f   NativeLib:interrupts_asm.obj
 0001:000071b0       irq223                     00000000100081b0 f   NativeLib:interrupts_asm.obj
 0001:000071f9       _reload_segreg             00000000100081f9 f   NativeLib:interrupts_asm.obj
 0001:00007220       Load_IDT                   0000000010008220 f   NativeLib:interrupts_asm.obj
 0001:00007224       _cli                       0000000010008224 f   NativeLib:interrupts_asm.obj
 0001:00007226       _sti                       0000000010008226 f   NativeLib:interrupts_asm.obj
 0001:00007228       _hlt                       0000000010008228 f   NativeLib:interrupts_asm.obj
 0001:0000722a       _inttest                   000000001000822a f   NativeLib:interrupts_asm.obj
 0001:00007234       _iretq                     0000000010008234 f   NativeLib:interrupts_asm.obj
 0001:0000724f       _int20h                    000000001000824f f   NativeLib:interrupts_asm.obj
 0001:00007260       In16                       0000000010008260 f   NativeLib:io.obj
 0001:00007290       In32                       0000000010008290 f   NativeLib:io.obj
 0001:000072c0       In8                        00000000100082c0 f   NativeLib:io.obj
 0001:000072f0       Insb                       00000000100082f0 f   NativeLib:io.obj
 0001:00007330       Insd                       0000000010008330 f   NativeLib:io.obj
 0001:00007370       Insw                       0000000010008370 f   NativeLib:io.obj
 0001:000073b0       Out16                      00000000100083b0 f   NativeLib:io.obj
 0001:000073e0       Out32                      00000000100083e0 f   NativeLib:io.obj
 0001:00007410       Out8                       0000000010008410 f   NativeLib:io.obj
 0001:00007440       Outsb                      0000000010008440 f   NativeLib:io.obj
 0001:00007480       Outsd                      0000000010008480 f   NativeLib:io.obj
 0001:000074c0       Outsw                      00000000100084c0 f   NativeLib:io.obj
 0001:00009810       f_close                    000000001000a810 f   NativeLib:ff.obj
 0001:00009870       f_closedir                 000000001000a870 f   NativeLib:ff.obj
 0001:000098c0       f_getfree                  000000001000a8c0 f   NativeLib:ff.obj
 0001:00009ba0       f_lseek                    000000001000aba0 f   NativeLib:ff.obj
 0001:0000a0e0       f_mkdir                    000000001000b0e0 f   NativeLib:ff.obj
 0001:0000a420       f_mkfs                     000000001000b420 f   NativeLib:ff.obj
 0001:0000bfd0       f_mount                    000000001000cfd0 f   NativeLib:ff.obj
 0001:0000c090       f_open                     000000001000d090 f   NativeLib:ff.obj
 0001:0000c750       f_opendir                  000000001000d750 f   NativeLib:ff.obj
 0001:0000c910       f_read                     000000001000d910 f   NativeLib:ff.obj
 0001:0000cd70       f_readdir                  000000001000dd70 f   NativeLib:ff.obj
 0001:0000ce20       f_rename                   000000001000de20 f   NativeLib:ff.obj
 0001:0000d2e0       f_stat                     000000001000e2e0 f   NativeLib:ff.obj
 0001:0000d380       f_sync                     000000001000e380 f   NativeLib:ff.obj
 0001:0000d6d0       f_truncate                 000000001000e6d0 f   NativeLib:ff.obj
 0001:0000d880       f_unlink                   000000001000e880 f   NativeLib:ff.obj
 0001:0000dac0       f_write                    000000001000eac0 f   NativeLib:ff.obj
 0001:000139c0       fctprintf                  00000000100149c0 f   NativeLib:printf.obj
 0001:00013a50       printf_                    0000000010014a50 f   NativeLib:printf.obj
 0001:00013ac0       snprintf_                  0000000010014ac0 f   NativeLib:printf.obj
 0001:00013b30       sprintf_                   0000000010014b30 f   NativeLib:printf.obj
 0001:00013ba0       vprintf_                   0000000010014ba0 f   NativeLib:printf.obj
 0001:00013bf0       vsnprintf_                 0000000010014bf0 f   NativeLib:printf.obj
 0001:00013c50       ff_oem2uni                 0000000010014c50 f   NativeLib:ffunicode.obj
 0001:00013d60       ff_uni2oem                 0000000010014d60 f   NativeLib:ffunicode.obj
 0001:00013e70       ff_wtoupper                0000000010014e70 f   NativeLib:ffunicode.obj
 0001:00014040       disk_initialize            0000000010015040 f   NativeLib:diskio.obj
 0001:00014070       disk_ioctl                 0000000010015070 f   NativeLib:diskio.obj
 0001:000140f0       disk_read                  00000000100150f0 f   NativeLib:diskio.obj
 0001:00014130       disk_status                0000000010015130 f   NativeLib:diskio.obj
 0001:00014160       disk_write                 0000000010015160 f   NativeLib:diskio.obj
 0002:00000000       unbox_UInt8__ToString      0000000010016000     Kernel.obj
 0002:0000000c       unbox_Int32__ToString      000000001001600c     Kernel.obj
 0002:00000018       unbox_Int64__ToString      0000000010016018     Kernel.obj
 0002:00000024       unbox_UInt32__ToString     0000000010016024     Kernel.obj
 0003:00000000       Entry                      0000000010017000     Kernel.obj
 0003:00000000       Kernel_EntryPoint__Entry   0000000010017000     Kernel.obj
 0003:000002bc       Kernel_GDT__Initialize     00000000100172bc     Kernel.obj
 0003:00000398       Kernel_Native__Load_GDT    0000000010017398     Kernel.obj
 0003:000003ec       Kernel_Native__Load_IDT    00000000100173ec     Kernel.obj
 0003:00000440       Kernel_moose_PageTable__Initialize 0000000010017440     Kernel.obj
 0003:00000530       Kernel_moose_PageTable__GetPage 0000000010017530     Kernel.obj
 0003:00000604       Kernel_moose_PageTable__Next 0000000010017604     Kernel.obj
 0003:000006a8       Kernel_moose_UDP__HandlePacket 00000000100176a8     Kernel.obj
 0003:000007e8       Kernel_moose_UdpClient___OnData 00000000100177e8     Kernel.obj
 0003:000007fc       Kernel_moose_stdio___putchar 00000000100177fc     Kernel.obj
 0003:000007fc       _putchar                   00000000100177fc     Kernel.obj
 0003:00000810       Kernel_moose_stdio__fopen  0000000010017810     Kernel.obj
 0003:00000810       fopen                      0000000010017810     Kernel.obj
 0003:00000984       Kernel_moose_stdio__fclose 0000000010017984     Kernel.obj
 0003:00000984       fclose                     0000000010017984     Kernel.obj
 0003:00000a28       Kernel_moose_stdio__fseek  0000000010017a28     Kernel.obj
 0003:00000a28       fseek                      0000000010017a28     Kernel.obj
 0003:00000a88       Kernel_moose_stdio__ftell  0000000010017a88     Kernel.obj
 0003:00000a88       ftell                      0000000010017a88     Kernel.obj
 0003:00000a90       Kernel_moose_stdio__fread  0000000010017a90     Kernel.obj
 0003:00000a90       fread                      0000000010017a90     Kernel.obj
 0003:00000af4       Kernel_moose_stdlib__malloc 0000000010017af4     Kernel.obj
 0003:00000af4       malloc                     0000000010017af4     Kernel.obj
 0003:00000b04       Kernel_moose_stdlib__free  0000000010017b04     Kernel.obj
 0003:00000b04       free                       0000000010017b04     Kernel.obj
 0003:00000b14       Kernel_moose_stdlib__realloc 0000000010017b14     Kernel.obj
 0003:00000b14       realloc                    0000000010017b14     Kernel.obj
 0003:00000b24       Kernel_moose_stdlib__memmove 0000000010017b24     Kernel.obj
 0003:00000b24       memmove                    0000000010017b24     Kernel.obj
 0003:00000b88       Kernel_moose_stdlib__abs   0000000010017b88     Kernel.obj
 0003:00000b88       abs                        0000000010017b88     Kernel.obj
 0003:00000b98       Kernel_moose_stdlib__calloc 0000000010017b98     Kernel.obj
 0003:00000b98       calloc                     0000000010017b98     Kernel.obj
 0003:00000c0c       Kernel_moose_stdlib__kmalloc 0000000010017c0c     Kernel.obj
 0003:00000c0c       kmalloc                    0000000010017c0c     Kernel.obj
 0003:00000c1c       Kernel_moose_stdlib__kfree 0000000010017c1c     Kernel.obj
 0003:00000c1c       kfree                      0000000010017c1c     Kernel.obj
 0003:00000c2c       Kernel_moose_stdlib__krealloc 0000000010017c2c     Kernel.obj
 0003:00000c2c       krealloc                   0000000010017c2c     Kernel.obj
 0003:00000c3c       Kernel_moose_stdlib__kcalloc 0000000010017c3c     Kernel.obj
 0003:00000c3c       kcalloc                    0000000010017c3c     Kernel.obj
 0003:00000cb0       Kernel_moose_Misc_IDT__Initialize 0000000010017cb0     Kernel.obj
 0003:00000da4       Kernel_moose_Misc_IDT__ExceptionHandler 0000000010017da4     Kernel.obj
 0003:00000da4       exception_handler          0000000010017da4     Kernel.obj
 0003:000011a4       Kernel_moose_Misc_IDT__IRQHandler 00000000100181a4     Kernel.obj
 0003:000011a4       irq_handler                00000000100181a4     Kernel.obj
 0003:000012cc       Kernel_moose_Misc_Interrupts__EnableInterrupt_0 00000000100182cc     Kernel.obj
 0003:00001334       Kernel_moose_Misc_Interrupts__HandleInterrupt 0000000010018334     Kernel.obj
 0003:0000139c       Kernel_moose_Memory_Allocator__GetPageIndexStart 000000001001839c     Kernel.obj
 0003:000013f0       Kernel_moose_Memory_Allocator__Free 00000000100183f0     Kernel.obj
 0003:00001550       Kernel_moose_Memory_Allocator__Initialize 0000000010018550     Kernel.obj
 0003:000015e4       Kernel_moose_Memory_Allocator__Allocate 00000000100185e4     Kernel.obj
 0003:000017c0       Kernel_moose_Memory_Allocator__Reallocate 00000000100187c0     Kernel.obj
 0003:000018b8       Kernel_moose_Networking_RTL8139__OnInterrupt 00000000100188b8     Kernel.obj
 0003:000019b4       Kernel_moose_Networking_ARP__HandlePacket 00000000100189b4     Kernel.obj
 0003:00001e78       Kernel_moose_Networking_ARP__Lookup 0000000010018e78     Kernel.obj
 0003:00002040       Kernel_moose_Networking_ARP__Require 0000000010019040     Kernel.obj
 0003:00002244       Kernel_moose_Networking_Ethernet__SwapLeftRight 0000000010019244     Kernel.obj
 0003:00002260       Kernel_moose_Networking_Ethernet__HandlePacket 0000000010019260     Kernel.obj
 0003:000022bc       Kernel_moose_Networking_Ethernet__SendPacket 00000000100192bc     Kernel.obj
 0003:0000247c       Kernel_moose_Networking_Ethernet__SwapLeftRight32 000000001001947c     Kernel.obj
 0003:000024ac       Kernel_moose_Networking_IPv4__HandlePacket 00000000100194ac     Kernel.obj
 0003:0000263c       Kernel_moose_Networking_IPv4__IsSameSubnet 000000001001963c     Kernel.obj
 0003:000026f8       Kernel_moose_Networking_IPv4__SendPacket 00000000100196f8     Kernel.obj
 0003:000028a8       Kernel_moose_Networking_IPv4__CalculateChecksum 00000000100198a8     Kernel.obj
 0003:000028f8       Kernel_moose_Networking_TcpClient___OnData 00000000100198f8     Kernel.obj
 0003:000029e4       Kernel_moose_Networking_TCP__HandlePacket 00000000100199e4     Kernel.obj
 0003:00002aec       Kernel_moose_Networking_TCP__RecvGeneral 0000000010019aec     Kernel.obj
 0003:00002bc8       Kernel_moose_Networking_TCP__RecvFin 0000000010019bc8     Kernel.obj
 0003:00002c3c       Kernel_moose_Networking_TCP__RecvData 0000000010019c3c     Kernel.obj
 0003:00002c90       Kernel_moose_Networking_TCP__RecvAck 0000000010019c90     Kernel.obj
 0003:00002da8       Kernel_moose_Networking_TCP__RecvRst 0000000010019da8     Kernel.obj
 0003:00002de8       Kernel_moose_Networking_TCP__RecvSynSent 0000000010019de8     Kernel.obj
 0003:00002f0c       Kernel_moose_Networking_TCP__SendPacket_0 0000000010019f0c     Kernel.obj
 0003:000031f0       Kernel_moose_Networking_TCP__Swap 000000001001a1f0     Kernel.obj
 0003:00003254       Kernel_moose_Networking_TCP__TCPChecksum 000000001001a254     Kernel.obj
 0003:000032b8       Kernel_moose_Timing_PIT__Initialize 000000001001a2b8     Kernel.obj
 0003:00003374       Kernel_moose_Timing_RTC__get_Second 000000001001a374     Kernel.obj
 0003:0000340c       Kernel_moose_Timing_RTC__get_Minute 000000001001a40c     Kernel.obj
 0003:000034a8       Kernel_moose_Timing_RTC__get_Hour 000000001001a4a8     Kernel.obj
 0003:0000355c       Kernel_moose_Timing_RTC__get_Year 000000001001a55c     Kernel.obj
 0003:000035f8       Kernel_moose_Timing_RTC__get_Month 000000001001a5f8     Kernel.obj
 0003:00003694       Kernel_moose_Timing_RTC__get_Day 000000001001a694     Kernel.obj
 0003:00003730       Kernel_moose_FileSystem_IDE__Initialize 000000001001a730     Kernel.obj
 0003:000037ac       Kernel_moose_FileSystem_IDE__ScanPorts 000000001001a7ac     Kernel.obj
 0003:00003e58       Kernel_moose_FileSystem_IDE___ScanPorts_g__WaitForIdentifyData_3_2 000000001001ae58     Kernel.obj
 0003:00003ec4       Kernel_moose_FileSystem_IDEDevice__ReadOrWrite 000000001001aec4     Kernel.obj
 0003:00004188       Kernel_moose_FileSystem_IDEDevice__WaitForReadyStatus 000000001001b188     Kernel.obj
 0003:000041ec       Kernel_moose_FileSystem_IDEDevice__Read 000000001001b1ec     Kernel.obj
 0003:0000424c       Kernel_moose_FileSystem_IDEDevice__Write 000000001001b24c     Kernel.obj
 0003:000042b0       Kernel_moose_FileSystem_IDEDevice___ctor 000000001001b2b0     Kernel.obj
 0003:000042d0       Kernel_moose_FileSystem_Ramdisk__Read 000000001001b2d0     Kernel.obj
 0003:0000433c       Kernel_moose_FileSystem_Ramdisk__Write 000000001001b33c     Kernel.obj
 0003:000043ac       Kernel_moose_FileSystem_SATA__Initialize 000000001001b3ac     Kernel.obj
 0003:00004814       Kernel_moose_FileSystem_SATA__CheckPortType 000000001001b814     Kernel.obj
 0003:0000487c       Kernel_moose_FileSystem_FATFS___ctor 000000001001b87c     Kernel.obj
 0003:000048d4       Kernel_moose_FileSystem_FATFS__get_fattime 000000001001b8d4     Kernel.obj
 0003:000048d4       get_fattime                000000001001b8d4     Kernel.obj
 0003:00004940       Kernel_moose_FileSystem_FATFS__RAM_disk_write 000000001001b940     Kernel.obj
 0003:00004940       RAM_disk_write             000000001001b940     Kernel.obj
 0003:00004974       Kernel_moose_FileSystem_FATFS__RAM_disk_read 000000001001b974     Kernel.obj
 0003:00004974       RAM_disk_read              000000001001b974     Kernel.obj
 0003:000049a8       Kernel_moose_FileSystem_FATFS__read_all_bytes 000000001001b9a8     Kernel.obj
 0003:00004a08       Kernel_moose_FileSystem_FATFS__ReadAllBytes 000000001001ba08     Kernel.obj
 0003:00004af4       Kernel_moose_Drivers_HPET__Initialize 000000001001baf4     Kernel.obj
 0003:00004b64       Kernel_moose_Drivers_HPET__Out 000000001001bb64     Kernel.obj
 0003:00004b88       Kernel_moose_Drivers_HPET__In 000000001001bb88     Kernel.obj
 0003:00004ba8       Kernel_moose_Drivers_Intel8254X__OnInterrupt 000000001001bba8     Kernel.obj
 0003:00004c20       Kernel_moose_Drivers_PCIDevice__WriteRegister16 000000001001bc20     Kernel.obj
 0003:00004c8c       Kernel_moose_Drivers_PCIDevice___ctor 000000001001bc8c     Kernel.obj
 0003:00004c90       Kernel_moose_Drivers_PCI__GetDevice 000000001001bc90     Kernel.obj
 0003:00004d00       Kernel_moose_Drivers_PCI__Initialize 000000001001bd00     Kernel.obj
 0003:00004dd0       Kernel_moose_Drivers_PCI__CheckBus 000000001001bdd0     Kernel.obj
 0003:000051e8       Kernel_moose_Drivers_PCI__ReadRegister16 000000001001c1e8     Kernel.obj
 0003:00005290       Kernel_moose_Drivers_PCI__ReadRegister8 000000001001c290     Kernel.obj
 0003:00005338       Kernel_moose_Drivers_PCI__WriteRegister16 000000001001c338     Kernel.obj
 0003:000053d8       Kernel_moose_Drivers_PCI__GetVendorID 000000001001c3d8     Kernel.obj
 0003:00005464       Kernel_moose_Drivers_PCI__GetHeaderType 000000001001c464     Kernel.obj
 0003:000054f8       Kernel_moose_Drivers_PCI__GetAddressBase 000000001001c4f8     Kernel.obj
 0003:0000551c       Kernel_moose_Drivers_PS2Keyboard__Initialize 000000001001c51c     Kernel.obj
 0003:000059d0       Kernel_moose_Drivers_PS2Keyboard__CleanKeyInfo 000000001001c9d0     Kernel.obj
 0003:000059fc       Kernel_moose_Drivers_PS2Keyboard__ProcessKey 000000001001c9fc     Kernel.obj
 0003:00005bec       Kernel_moose_Drivers_PS2Mouse__Initialize 000000001001cbec     Kernel.obj
 0003:00005de8       Kernel_moose_Drivers_PS2Mouse__WriteRegister 000000001001cde8     Kernel.obj
 0003:00005ed4       Kernel_moose_Drivers_PS2Mouse__OnInterrupt 000000001001ced4     Kernel.obj
 0003:00006070       Kernel_moose_Drivers_SMBIOS__Initialize 000000001001d070     Kernel.obj
 0003:000061f8       Kernel_moose_Drivers_SMBIOS__PrintIndex 000000001001d1f8     Kernel.obj
 0003:00006254       Kernel_moose_Drivers_ASC16__DrawChar 000000001001d254     Kernel.obj
 0003:000062e4       Kernel_moose_Graphics_Framebuffer__set_TripleBuffered 000000001001d2e4     Kernel.obj
 0003:00006360       Kernel_moose_Graphics_Framebuffer__Update 000000001001d360     Kernel.obj
 0003:00006444       Kernel_moose_Graphics_Framebuffer__SetVideoMode 000000001001d444     Kernel.obj
 0003:0000656c       Kernel_moose_Graphics_VBE__Initialize 000000001001d56c     Kernel.obj
 0003:000065b8       Kernel_moose_Graphics_VMWareSVGAII___ctor 000000001001d5b8     Kernel.obj
 0003:00006754       Kernel_moose_Graphics_VMWareSVGAII__InitializeFIFO 000000001001d754     Kernel.obj
 0003:000068c4       Kernel_moose_Graphics_VMWareSVGAII__SetMode 000000001001d8c4     Kernel.obj
 0003:00006aec       Kernel_moose_Graphics_VMWareSVGAII__Update 000000001001daec     Kernel.obj
 0003:00006ba8       Kernel_moose_Graphics_Graphics___ctor 000000001001dba8     Kernel.obj
 0003:00007a00       Kernel_moose_Graphics_Graphics__Clear 000000001001ea00     Kernel.obj
 0003:00007abc       Kernel_moose_Graphics_Graphics__Update 000000001001eabc     Kernel.obj
 0003:00007af4       Kernel_moose_Graphics_Graphics__Copy 000000001001eaf4     Kernel.obj
 0003:00007b94       Kernel_moose_Graphics_Graphics__FillRectangle 000000001001eb94     Kernel.obj
 0003:00007c04       Kernel_moose_Graphics_Graphics__GetPoint 000000001001ec04     Kernel.obj
 0003:00007c34       Kernel_moose_Graphics_Graphics__DrawPoint 000000001001ec34     Kernel.obj
 0003:00007d1c       Kernel_moose_Graphics_VMWareSVGAIIGraphics___ctor 000000001001ed1c     Kernel.obj
 0003:00007d94       Kernel_moose_Graphics_VMWareSVGAIIGraphics__Update 000000001001ed94     Kernel.obj
 0003:00007da0       Kernel_moose_Power_ACPI__GetRSDP 000000001001eda0     Kernel.obj
 0003:00007dc8       Kernel_moose_Power_ACPI__Initialize 000000001001edc8     Kernel.obj
 0003:00007e6c       Kernel_moose_Power_ACPI__ParseDT 000000001001ee6c     Kernel.obj
 0003:0000801c       Kernel_moose_Power_ACPI__RemapIRQ 000000001001f01c     Kernel.obj
 0003:00008074       Kernel_moose_Audio_AC97__Initialize 000000001001f074     Kernel.obj
 0003:00008338       Kernel_moose_Audio_AC97__OnInterrupt 000000001001f338     Kernel.obj
 0003:00008548       Kernel_moose_Audio_Audio__Initialize 000000001001f548     Kernel.obj
 0003:000085b8       Kernel_moose_CPU_IOAPIC__Initialize 000000001001f5b8     Kernel.obj
 0003:00008654       Kernel_moose_CPU_IOAPIC__In 000000001001f654     Kernel.obj
 0003:00008680       Kernel_moose_CPU_IOAPIC__Out 000000001001f680     Kernel.obj
 0003:000086b0       Kernel_moose_CPU_IOAPIC__SetEntry 000000001001f6b0     Kernel.obj
 0003:000086e4       Kernel_moose_CPU_IOAPIC__SetEntry_0 000000001001f6e4     Kernel.obj
 0003:00008704       Kernel_moose_CPU_LocalAPIC__In 000000001001f704     Kernel.obj
 0003:00008724       Kernel_moose_CPU_LocalAPIC__Initialize 000000001001f724     Kernel.obj
 0003:00008764       Kernel_moose_CPU_LocalAPIC__SendIPI 000000001001f764     Kernel.obj
 0003:000087b4       Kernel_moose_CPU_LocalAPIC__StartTimer 000000001001f7b4     Kernel.obj
 0003:0000880c       Kernel_moose_CPU_PIC__Disable 000000001001f80c     Kernel.obj
 0003:000089f8       Kernel_moose_CPU_SMP__ApplicationProcessorMain 000000001001f9f8     Kernel.obj
 0003:00008a50       Kernel_moose_CPU_SMP__Initialize 000000001001fa50     Kernel.obj
 0003:00008c3c       Kernel_Internal_Runtime_EEType__get_IsArray 000000001001fc3c     Kernel.obj
 0003:00008c60       Kernel_Internal_Runtime_EEType__get_ArrayRank 000000001001fc60     Kernel.obj
 0003:00008c80       Kernel_Internal_Runtime_CompilerHelpers_StartupCodeHelpers__Imp_GetCurrentThreadId 000000001001fc80     Kernel.obj
 0003:00008c80       __imp_GetCurrentThreadId   000000001001fc80     Kernel.obj
 0003:00008c84       Kernel_Internal_Runtime_CompilerHelpers_StartupCodeHelpers__CheckForDebuggerJustMyCode 000000001001fc84     Kernel.obj
 0003:00008c84       __CheckForDebuggerJustMyCode 000000001001fc84     Kernel.obj
 0003:00008c88       Kernel_Internal_Runtime_CompilerHelpers_StartupCodeHelpers__FailFast 000000001001fc88     Kernel.obj
 0003:00008c88       __fail_fast                000000001001fc88     Kernel.obj
 0003:00008c8c       Kernel_Internal_Runtime_CompilerHelpers_StartupCodeHelpers__MemSet 000000001001fc8c     Kernel.obj
 0003:00008c8c       memset                     000000001001fc8c     Kernel.obj
 0003:00008ca8       Kernel_Internal_Runtime_CompilerHelpers_StartupCodeHelpers__MemCpy 000000001001fca8     Kernel.obj
 0003:00008ca8       memcpy                     000000001001fca8     Kernel.obj
 0003:00008cc4       Kernel_Internal_Runtime_CompilerHelpers_StartupCodeHelpers__RhpFallbackFailFast 000000001001fcc4     Kernel.obj
 0003:00008cc4       RhpFallbackFailFast        000000001001fcc4     Kernel.obj
 0003:00008cc8       Kernel_Internal_Runtime_CompilerHelpers_StartupCodeHelpers__RhpReversePInvoke2 000000001001fcc8     Kernel.obj
 0003:00008cc8       RhpReversePInvoke2         000000001001fcc8     Kernel.obj
 0003:00008ccc       Kernel_Internal_Runtime_CompilerHelpers_StartupCodeHelpers__RhpReversePInvokeReturn2 000000001001fccc     Kernel.obj
 0003:00008ccc       RhpReversePInvokeReturn2   000000001001fccc     Kernel.obj
 0003:00008cd0       Kernel_Internal_Runtime_CompilerHelpers_StartupCodeHelpers__RhpReversePInvoke 000000001001fcd0     Kernel.obj
 0003:00008cd0       RhpReversePInvoke          000000001001fcd0     Kernel.obj
 0003:00008cd4       Kernel_Internal_Runtime_CompilerHelpers_StartupCodeHelpers__RhpReversePInvokeReturn 000000001001fcd4     Kernel.obj
 0003:00008cd4       RhpReversePInvokeReturn    000000001001fcd4     Kernel.obj
 0003:00008cd8       Kernel_Internal_Runtime_CompilerHelpers_StartupCodeHelpers__RhpPinvoke 000000001001fcd8     Kernel.obj
 0003:00008cd8       RhpPInvoke                 000000001001fcd8     Kernel.obj
 0003:00008cdc       Kernel_Internal_Runtime_CompilerHelpers_StartupCodeHelpers__RhpPinvokeReturn 000000001001fcdc     Kernel.obj
 0003:00008cdc       RhpPInvokeReturn           000000001001fcdc     Kernel.obj
 0003:00008ce0       Kernel_Internal_Runtime_CompilerHelpers_StartupCodeHelpers__RhpNewFast 000000001001fce0     Kernel.obj
 0003:00008ce0       RhpNewFast                 000000001001fce0     Kernel.obj
 0003:00008d84       Kernel_Internal_Runtime_CompilerHelpers_StartupCodeHelpers__RhpNewArray 000000001001fd84     Kernel.obj
 0003:00008d84       RhpNewArray                000000001001fd84     Kernel.obj
 0003:00008e8c       Kernel_Internal_Runtime_CompilerHelpers_StartupCodeHelpers__RhpAssignRef 000000001001fe8c     Kernel.obj
 0003:00008e8c       RhpAssignRef               000000001001fe8c     Kernel.obj
 0003:00008e90       Kernel_Internal_Runtime_CompilerHelpers_StartupCodeHelpers__RhpByRefAssignRef 000000001001fe90     Kernel.obj
 0003:00008e90       RhpByRefAssignRef          000000001001fe90     Kernel.obj
 0003:00008e94       Kernel_Internal_Runtime_CompilerHelpers_StartupCodeHelpers__RhpCheckedAssignRef 000000001001fe94     Kernel.obj
 0003:00008e94       RhpCheckedAssignRef        000000001001fe94     Kernel.obj
 0003:00008e98       Kernel_Internal_Runtime_CompilerHelpers_StartupCodeHelpers__RhpStelemRef 000000001001fe98     Kernel.obj
 0003:00008e98       RhpStelemRef               000000001001fe98     Kernel.obj
 0003:00008ed0       Kernel_Internal_Runtime_CompilerHelpers_StartupCodeHelpers__RhTypeCast_IsInstanceOfClass 000000001001fed0     Kernel.obj
 0003:00008ed0       RhTypeCast_IsInstanceOfClass 000000001001fed0     Kernel.obj
 0003:00008efc       Kernel_Internal_Runtime_CompilerHelpers_StartupCodeHelpers__InitializeModules 000000001001fefc     Kernel.obj
 0003:00009068       Kernel_Internal_Runtime_CompilerHelpers_StartupCodeHelpers__InitializeStatics 0000000010020068     Kernel.obj
 0003:00009124       Kernel_Internal_Runtime_CompilerHelpers_ThrowHelpers__ThrowOverflowException 0000000010020124     Kernel.obj
 0003:00009128       Kernel_Internal_Runtime_CompilerHelpers_ThrowHelpers__ThrowIndexOutOfRangeException 0000000010020128     Kernel.obj
 0003:0000912c       UInt8__ToString            000000001002012c     Kernel.obj
 0003:00009148       Char__ToUpper              0000000010020148     Kernel.obj
 0003:0000915c       Kernel_System_DateTime___cctor 000000001002015c     Kernel.obj
 0003:00009180       Int32__ToString            0000000010020180     Kernel.obj
 0003:000091a0       Int64__ToString            00000000100201a0     Kernel.obj
 0003:00009290       Object___ctor              0000000010020290     Kernel.obj
 0003:00009294       Object__ToString           0000000010020294     Kernel.obj
 0003:0000929c       Object__Dispose            000000001002029c     Kernel.obj
 0003:000092b0       String__FromASCII          00000000100202b0     Kernel.obj
 0003:00009338       String__Ctor_1             0000000010020338     Kernel.obj
 0003:00009384       String__Ctor_2             0000000010020384     Kernel.obj
 0003:00009440       String__ToString           0000000010020440     Kernel.obj
 0003:00009444       String__Equals_0           0000000010020444     Kernel.obj
 0003:0000948c       String__Concat             000000001002048c     Kernel.obj
 0003:00009578       String__Format             0000000010020578     Kernel.obj
 0003:000096f4       UInt32__ToString           00000000100206f4     Kernel.obj
 0003:00009710       UInt64__ToString           0000000010020710     Kernel.obj
 0003:000097d8       UInt64__ToStringHex        00000000100207d8     Kernel.obj
 0003:00009880       Kernel_System_Console__Initialize 0000000010020880     Kernel.obj
 0003:000099c4       Kernel_System_Console__EnableCursor 00000000100209c4     Kernel.obj
 0003:00009af8       Kernel_System_Console__Write 0000000010020af8     Kernel.obj
 0003:00009b44       Kernel_System_Console__Write_1 0000000010020b44     Kernel.obj
 0003:00009bc8       Kernel_System_Console__WriteFramebuffer 0000000010020bc8     Kernel.obj
 0003:00009c88       Kernel_System_Console__MoveUp 0000000010020c88     Kernel.obj
 0003:00009da0       Kernel_System_Console__UpdateCursor 0000000010020da0     Kernel.obj
 0003:00009ec8       Kernel_System_Console__UpdateCursorFramebuffer 0000000010020ec8     Kernel.obj
 0003:00009f04       Kernel_System_Console__WriteLine 0000000010020f04     Kernel.obj
 0003:00009f34       Kernel_System_Console__WriteLine_1 0000000010020f34     Kernel.obj
 0003:00009f80       Kernel_System_Console__Clear 0000000010020f80     Kernel.obj
 0003:00009fb0       Kernel_System_Threading_Thread___ctor 0000000010020fb0     Kernel.obj
 0003:0000a058       Kernel_System_Threading_ThreadPool__Initialize 0000000010021058     Kernel.obj
 0003:0000a254       Kernel_System_Threading_ThreadPool__Terminate 0000000010021254     Kernel.obj
 0003:0000a300       Kernel_System_Threading_ThreadPool__IdleThread 0000000010021300     Kernel.obj
 0003:0000a344       Kernel_System_Threading_ThreadPool__get_CanLock 0000000010021344     Kernel.obj
 0003:0000a360       Kernel_System_Threading_ThreadPool__Lock 0000000010021360     Kernel.obj
 0003:0000a398       Kernel_System_Threading_ThreadPool__Schedule 0000000010021398     Kernel.obj
 0003:0000a6b4       Kernel_System_Runtime_TypeCast__CheckCastClass 00000000100216b4     Kernel.obj
 0003:0000a6b4       RhTypeCast_CheckCastClass  00000000100216b4     Kernel.obj
 0003:0000a6dc       Kernel_System_Runtime_TypeCast__CheckCastArray 00000000100216dc     Kernel.obj
 0003:0000a6dc       RhTypeCast_CheckCastArray  00000000100216dc     Kernel.obj
 0003:0000a704       Kernel_System_Runtime_TypeCast__IsInstanceOfArray 0000000010021704     Kernel.obj
 0003:0000a704       RhTypeCast_IsInstanceOfArray 0000000010021704     Kernel.obj
 0003:0000a760       Kernel_System_Runtime_CompilerServices_ClassConstructorRunner__CheckStaticClassConstructionReturnNonGCStaticBase 0000000010021760     Kernel.obj
 0003:0000a778       Kernel_System_Runtime_CompilerServices_ClassConstructorRunner__CheckStaticClassConstructionReturnGCStaticBase 0000000010021778     Kernel.obj
 0003:0000a790       Kernel_System_Runtime_CompilerServices_ClassConstructorRunner__CheckStaticClassConstruction 0000000010021790     Kernel.obj
 0003:0000a7c4       Kernel_System_Diagnostics_Serial__Initialize 00000000100217c4     Kernel.obj
 0003:0000a924       KMain                      0000000010021924     Kernel.obj
 0003:0000a924       Kernel_Kernel_Program__KMain 0000000010021924     Kernel.obj
 0003:0000aa5c       Kernel_moose_Misc_Interrupts_INT___ctor 0000000010021a5c     Kernel.obj
 0003:0000aa60       Kernel_moose_FileSystem_SATA_HBACommandHeader__set_CommandFISLength 0000000010021a60     Kernel.obj
 0003:0000aa6c       Kernel_moose_FileSystem_SATA_HBACommandHeader__set_Write 0000000010021a6c     Kernel.obj
 0003:0000aa78       Kernel_moose_FileSystem_SATA_SATADevice__Configure 0000000010021a78     Kernel.obj
 0003:0000ab24       Kernel_moose_FileSystem_SATA_SATADevice__StartCommand 0000000010021b24     Kernel.obj
 0003:0000ab48       Kernel_moose_FileSystem_SATA_SATADevice__StopCommand 0000000010021b48     Kernel.obj
 0003:0000ab7c       Kernel_moose_FileSystem_SATA_SATADevice__Read 0000000010021b7c     Kernel.obj
 0003:0000abdc       Kernel_moose_FileSystem_SATA_SATADevice__Write 0000000010021bdc     Kernel.obj
 0003:0000ac3c       Kernel_moose_FileSystem_SATA_SATADevice__ReadOrWrite 0000000010021c3c     Kernel.obj
 0003:0000ae74       Kernel_moose_FileSystem_SATA_SATADevice__FindSlot 0000000010021e74     Kernel.obj
 0003:0000aeac       Kernel_moose_FileSystem_SATA_SATADevice___ctor 0000000010021eac     Kernel.obj
 0003:0000aecc       Kernel_System_Array_1<UInt8>___ctor 0000000010021ecc     Kernel.obj
 0003:0000aed0       Kernel_System_Collections_Generic_List_1<UInt8>__Dispose 0000000010021ed0     Kernel.obj
 0003:0000af00       Kernel_System_Array_1<Char>___ctor 0000000010021f00     Kernel.obj
 0003:0000af04       Kernel_System_Array_1<Int32>___ctor 0000000010021f04     Kernel.obj
 0003:0000af08       Kernel_System_Array_1<Kernel_System_ConsoleKey>___ctor 0000000010021f08     Kernel.obj
 0003:0000af0c       Kernel_System_Array_1<UInt16>___ctor 0000000010021f0c     Kernel.obj
 0003:0000af10       Kernel_System_Array_1<UInt32>___ctor 0000000010021f10     Kernel.obj
 0003:0000af14       Kernel_System_Array_1<Kernel_moose_Misc_IDT_IDTEntry>___ctor 0000000010021f14     Kernel.obj
 0003:0000af18       Kernel_System_Collections_Generic_List_1<Kernel_moose_Networking_ARP_ARPEntry>__get_Item 0000000010021f18     Kernel.obj
 0003:0000af58       Kernel_System_Collections_Generic_List_1<Kernel_moose_Networking_ARP_ARPEntry>__Add 0000000010021f58     Kernel.obj
 0003:0000af98       Kernel_System_Array_1<System___Canon>___ctor 0000000010021f98     Kernel.obj
 0003:0000af9c       Kernel_System_Collections_Generic_List_1<System___Canon>__Dispose 0000000010021f9c     Kernel.obj
 0003:0000afcc       Kernel_System_Collections_Generic_Queue_1<System___Canon>__Dequeue 0000000010021fcc     Kernel.obj
 0003:0000b008       Internal_CompilerGenerated__Module___SetAppContextSwitches 0000000010022008     Kernel.obj
 0003:0000b00c       Kernel__Module___StartupCodeMain 000000001002200c     Kernel.obj
 0003:0000b00c       __managed__Main            000000001002200c     Kernel.obj
 0004:00000000       __embedded_metadata        0000000010023000     Kernel.obj
 0004:00001b6a       __embedded_metadata_End    0000000010024b6a     Kernel.obj
 0004:00001b6a       __embedded_resourcedata    0000000010024b6a     Kernel.obj
 0004:00001b6a       __embedded_resourcedata_End 0000000010024b6a     Kernel.obj
 0004:00001b6a       __embedded_resourceindex   0000000010024b6a     Kernel.obj
 0004:00001b6d       __embedded_resourceindex_End 0000000010024b6d     Kernel.obj
 0004:00001b6d       __type_to_metadata_map     0000000010024b6d     Kernel.obj
 0004:00001c31       __type_to_cctorContext_map 0000000010024c31     Kernel.obj
 0004:00001c31       __type_to_metadata_map_End 0000000010024c31     Kernel.obj
 0004:00001c34       __method_to_entrypoint_map 0000000010024c34     Kernel.obj
 0004:00001c34       __type_to_cctorContext_map_End 0000000010024c34     Kernel.obj
 0004:00001c37       __delegate_marshalling_stub_map 0000000010024c37     Kernel.obj
 0004:00001c37       __method_to_entrypoint_map_End 0000000010024c37     Kernel.obj
 0004:00001c3a       __delegate_marshalling_stub_map_End 0000000010024c3a     Kernel.obj
 0004:00001c3a       __struct_marshalling_stub_map 0000000010024c3a     Kernel.obj
 0004:00001c3d       __array_type_map           0000000010024c3d     Kernel.obj
 0004:00001c3d       __struct_marshalling_stub_map_End 0000000010024c3d     Kernel.obj
 0004:00001c6b       __array_type_map_End       0000000010024c6b     Kernel.obj
 0004:00001c6b       __field_to_offset_map      0000000010024c6b     Kernel.obj
 0004:00001c6e       __exact_method_instantiations 0000000010024c6e     Kernel.obj
 0004:00001c6e       __field_to_offset_map_End  0000000010024c6e     Kernel.obj
 0004:00001c6e       __nativelayoutinfo         0000000010024c6e     Kernel.obj
 0004:00001c6e       __nativelayoutinfo_End     0000000010024c6e     Kernel.obj
 0004:00001c71       __exact_method_instantiations_End 0000000010024c71     Kernel.obj
 0004:00001c71       __generic_types_hashtable  0000000010024c71     Kernel.obj
 0004:00001c8c       __generic_methods_hashtable 0000000010024c8c     Kernel.obj
 0004:00001c8c       __generic_types_hashtable_End 0000000010024c8c     Kernel.obj
 0004:00001c8f       __generic_methods_hashtable_End 0000000010024c8f     Kernel.obj
 0004:00001c8f       __gvm_table                0000000010024c8f     Kernel.obj
 0004:00001c92       __gvm_table_End            0000000010024c92     Kernel.obj
 0004:00001c92       __interface_gvm_table      0000000010024c92     Kernel.obj
 0004:00001c95       __GenericMethodsTemplateMap 0000000010024c95     Kernel.obj
 0004:00001c95       __interface_gvm_table_End  0000000010024c95     Kernel.obj
 0004:00001c98       __GenericMethodsTemplateMap_End 0000000010024c98     Kernel.obj
 0004:00001c98       __GenericTypesTemplateMap  0000000010024c98     Kernel.obj
 0004:00001c9b       __GenericTypesTemplateMap_End 0000000010024c9b     Kernel.obj
 0004:00001c9b       __block_reflection_type_map 0000000010024c9b     Kernel.obj
 0004:00001d00       _StaticsInfoHashtableNode  0000000010024d00     Kernel.obj
 0004:00001d00       __block_reflection_type_map_End 0000000010024d00     Kernel.obj
 0004:00001d03       _StaticsInfoHashtableNode_End 0000000010024d03     Kernel.obj
 0004:00001d03       __VirtualInvokeMap         0000000010024d03     Kernel.obj
 0004:00001d06       __DefaultConstructor_Map   0000000010024d06     Kernel.obj
 0004:00001d06       __VirtualInvokeMap_End     0000000010024d06     Kernel.obj
 0004:00001d29       __DefaultConstructor_Map_End 0000000010024d29     Kernel.obj
 0004:00001d29       __external_CommonFixupsTable_references 0000000010024d29     Kernel.obj
 0004:00001df5       __external_CommonFixupsTable_references_End 0000000010024df5     Kernel.obj
 0004:00001df5       __external_NativeReferences_references 0000000010024df5     Kernel.obj
 0004:00001e15       __external_NativeReferences_references_End 0000000010024e15     Kernel.obj
 0004:00001e15       __external_NativeStatics_references 0000000010024e15     Kernel.obj
 0004:00001e15       __external_NativeStatics_references_End 0000000010024e15     Kernel.obj
 0004:00001e18       _stacktrace_methodRVA_to_token_mapping 0000000010024e18     Kernel.obj
 0004:00002578       __ReadyToRunHeader         0000000010025578     Kernel.obj
 0004:00002578       _stacktrace_methodRVA_to_token_mapping_End 0000000010025578     Kernel.obj
 0004:00002858       __readonlydata_g_compilerEmbeddedSettingsBlob 0000000010025858     Kernel.obj
 0004:00002858       g_compilerEmbeddedSettingsBlob 0000000010025858     Kernel.obj
 0004:0000285c       __readonlydata_g_requiredCpuFeatures 000000001002585c     Kernel.obj
 0004:0000285c       g_requiredCpuFeatures      000000001002585c     Kernel.obj
 0004:00002860       ??_7Kernel_System_Collections_Generic_List_1@@6B@ 0000000010025860     Kernel.obj
 0004:00002880       ??_7Kernel_System_Collections_Generic_Queue_1@@6B@ 0000000010025880     Kernel.obj
 0004:000028a0       ??_7Kernel_moose_FileSystem_IDEDevice@@6B@ 00000000100258a0     Kernel.obj
 0004:000028e8       ??_7Kernel_moose_FileSystem_Ramdisk@@6B@ 00000000100258e8     Kernel.obj
 0004:00002928       ??_7Kernel_moose_FileSystem_Disk@@6B@ 0000000010025928     Kernel.obj
 0004:00002970       ??_7Kernel_moose_FileSystem_FATFS@@6B@ 0000000010025970     Kernel.obj
 0004:000029b0       ??_7Kernel_moose_FileSystem_File@@6B@ 00000000100259b0     Kernel.obj
 0004:000029f0       ??_7Kernel_moose_Drivers_PCIDevice@@6B@ 00000000100259f0     Kernel.obj
 0004:00002a40       ??_7Kernel_moose_Graphics_VMWareSVGAII@@6B@ 0000000010025a40     Kernel.obj
 0004:00002a90       ??_7Kernel_moose_Graphics_Graphics@@6B@ 0000000010025a90     Kernel.obj
 0004:00002b18       ??_7Kernel_moose_Graphics_VMWareSVGAIIGraphics@@6B@ 0000000010025b18     Kernel.obj
 0004:00002b78       ??_7Kernel_System_Array@@6B@ 0000000010025b78     Kernel.obj
 0004:00002bb0       ??_7Boxed_UInt8@@6B@       0000000010025bb0     Kernel.obj
 0004:00002be8       ??_7Boxed_Int32@@6B@       0000000010025be8     Kernel.obj
 0004:00002c20       ??_7Boxed_Int64@@6B@       0000000010025c20     Kernel.obj
 0004:00002c50       ??_7Object@@6B@            0000000010025c50     Kernel.obj
 0004:00002c88       ??_7String@@6B@            0000000010025c88     Kernel.obj
 0004:00002cb8       ??_7Boxed_UInt32@@6B@      0000000010025cb8     Kernel.obj
 0004:00002cf0       ??_7Kernel_System_ValueType@@6B@ 0000000010025cf0     Kernel.obj
 0004:00002d28       ??_7Kernel_System_Threading_Thread@@6B@ 0000000010025d28     Kernel.obj
 0004:00002d60       ??_7Boxed_Kernel_moose_stdio_FILE@@6B@ 0000000010025d60     Kernel.obj
 0004:00002d98       ??_7Kernel_moose_Misc_Interrupts_INT@@6B@ 0000000010025d98     Kernel.obj
 0004:00002dd0       ??_7Kernel_moose_FileSystem_SATA_SATADevice@@6B@ 0000000010025dd0     Kernel.obj
 0004:00002e30       ??_7Kernel_System_Collections_Generic_List_1<Kernel_moose_FileSystem_IDEDevice>@@6B@ 0000000010025e30     Kernel.obj
 0004:00002e90       ??_7Kernel_System_Collections_Generic_List_1<Kernel_moose_Drivers_PCIDevice>@@6B@ 0000000010025e90     Kernel.obj
 0004:00002ef0       ??_7Kernel_System_Collections_Generic_List_1<UInt8>@@6B@ 0000000010025ef0     Kernel.obj
 0004:00002f48       ??_7Kernel_System_Collections_Generic_List_1<Kernel_System_Threading_Thread>@@6B@ 0000000010025f48     Kernel.obj
 0004:00002fa8       ??_7Kernel_System_Collections_Generic_List_1<Kernel_moose_Misc_Interrupts_INT>@@6B@ 0000000010025fa8     Kernel.obj
 0004:00003008       ??_7Kernel_System_Collections_Generic_List_1<Kernel_moose_FileSystem_SATA_SATADevice>@@6B@ 0000000010026008     Kernel.obj
 0004:00003068       ??_7Kernel_System_Collections_Generic_List_1<__Array<UInt8>>@@6B@ 0000000010026068     Kernel.obj
 0004:000030c8       ??_7Kernel_System_Collections_Generic_Queue_1<__Array<UInt8>>@@6B@ 00000000100260c8     Kernel.obj
 0004:00003120       ??_7__Array<Kernel_moose_FileSystem_IDEDevice>@@6B@ 0000000010026120     Kernel.obj
 0004:00003170       ??_7__Array<Kernel_moose_Drivers_PCIDevice>@@6B@ 0000000010026170     Kernel.obj
 0004:000031a8       ??_7__Array<UInt8>@@6B@    00000000100261a8     Kernel.obj
 0004:000031d8       ??_7__Array<Char>@@6B@     00000000100261d8     Kernel.obj
 0004:00003208       ??_7__Array<Int32>@@6B@    0000000010026208     Kernel.obj
 0004:00003238       ??_7__Array<Kernel_System_ConsoleKey>@@6B@ 0000000010026238     Kernel.obj
 0004:00003280       ??_7__Array<Object>@@6B@   0000000010026280     Kernel.obj
 0004:000032b8       ??_7__Array<UInt16>@@6B@   00000000100262b8     Kernel.obj
 0004:000032e8       ??_7__Array<UInt32>@@6B@   00000000100262e8     Kernel.obj
 0004:00003330       ??_7__Array<Kernel_System_Threading_Thread>@@6B@ 0000000010026330     Kernel.obj
 0004:00003368       ??_7__Array<Kernel_moose_Misc_IDT_IDTEntry>@@6B@ 0000000010026368     Kernel.obj
 0004:000033b0       ??_7__Array<Kernel_moose_Misc_Interrupts_INT>@@6B@ 00000000100263b0     Kernel.obj
 0004:00003400       ??_7__Array<Kernel_moose_FileSystem_SATA_SATADevice>@@6B@ 0000000010026400     Kernel.obj
 0004:00003450       ??_7__Array<__Array<UInt8>>@@6B@ 0000000010026450     Kernel.obj
 0004:00003488       __readonlydata_Kernel_moose_Misc_IDT__ExceptionHandler 0000000010026488     Kernel.obj
 0004:000034d0       __readonlydata_Kernel_moose_Networking_TCP__RecvFin 00000000100264d0     Kernel.obj
 0004:000034f0       __readonlydata_Kernel_moose_Networking_TCP__RecvAck 00000000100264f0     Kernel.obj
 0004:00003510       __readonlydata_Kernel_moose_Networking_TCP__RecvRst 0000000010026510     Kernel.obj
 0004:00003530       ?__GCSTATICS@Kernel_moose_FileSystem_SATA@@__PreInitData 0000000010026530     Kernel.obj
 0004:00003538       ?__GCSTATICS@Kernel_System_Console@@__PreInitData 0000000010026538     Kernel.obj
 0004:00003560       __GCStaticEEType_01        0000000010026560     Kernel.obj
 0004:00003588       __GCStaticEEType_011       0000000010026588     Kernel.obj
 0004:000035b0       __GCStaticEEType_01111     00000000100265b0     Kernel.obj
 0004:000035d8       __GCStaticEEType_0111111   00000000100265d8     Kernel.obj
 0004:000035e8       ??_7Kernel__Module_@@6B@   00000000100265e8     Kernel.obj
 0004:00003608       ??_7Boxed_Char@@6B@        0000000010026608     Kernel.obj
 0004:00003630       ??_7Kernel_System_Enum@@6B@ 0000000010026630     Kernel.obj
 0004:00003658       ??_7Boxed_Kernel_System_ConsoleKey@@6B@ 0000000010026658     Kernel.obj
 0004:00003680       ??_7Boxed_UInt16@@6B@      0000000010026680     Kernel.obj
 0004:000036a8       ??_7Boxed_Kernel_moose_Misc_IDT_IDTEntry@@6B@ 00000000100266a8     Kernel.obj
 0004:000036d0       __GenericInstance_Kernel_moose_FileSystem_IDEDevice 00000000100266d0     Kernel.obj
 0004:000036e0       __GenericInstance_Kernel_moose_Drivers_PCIDevice 00000000100266e0     Kernel.obj
 0004:000036f0       __GenericInstance_UInt8    00000000100266f0     Kernel.obj
 0004:00003700       __GenericInstance_Kernel_System_Threading_Thread 0000000010026700     Kernel.obj
 0004:00003710       __GenericInstance_Kernel_moose_Misc_Interrupts_INT 0000000010026710     Kernel.obj
 0004:00003720       __GenericInstance_Kernel_moose_FileSystem_SATA_SATADevice 0000000010026720     Kernel.obj
 0004:00003730       __GenericInstance___Array<UInt8> 0000000010026730     Kernel.obj
 0004:00003740       __ehinfo_Kernel_moose_Memory_Allocator__Free 0000000010026740     Kernel.obj
 0004:00003746       __ehinfo_Kernel_moose_Memory_Allocator__Allocate 0000000010026746     Kernel.obj
 0004:0000374c       __ehinfo_String__Format    000000001002674c     Kernel.obj
 0004:00003752       __optionalfields_??_7Kernel_moose_FileSystem_IDEDevice@@6B@ 0000000010026752     Kernel.obj
 0004:00003754       __optionalfields_??_7Kernel_moose_FileSystem_Disk@@6B@ 0000000010026754     Kernel.obj
 0004:0000375b       __optionalfields_??_7Kernel_moose_FileSystem_FATFS@@6B@ 000000001002675b     Kernel.obj
 0004:0000375e       __optionalfields_??_7Kernel_moose_FileSystem_File@@6B@ 000000001002675e     Kernel.obj
 0004:00003765       __optionalfields_??_7Kernel_moose_Drivers_PCIDevice@@6B@ 0000000010026765     Kernel.obj
 0004:00003767       __optionalfields_??_7Kernel_moose_Graphics_VMWareSVGAII@@6B@ 0000000010026767     Kernel.obj
 0004:00003769       __optionalfields_??_7Kernel_System_Array@@6B@ 0000000010026769     Kernel.obj
 0004:0000376f       __optionalfields_??_7Boxed_UInt8@@6B@ 000000001002676f     Kernel.obj
 0004:00003771       __optionalfields_??_7Boxed_Int32@@6B@ 0000000010026771     Kernel.obj
 0004:00003773       __optionalfields_??_7Object@@6B@ 0000000010026773     Kernel.obj
 0004:00003776       __optionalfields_??_7Boxed_UInt32@@6B@ 0000000010026776     Kernel.obj
 0004:00003778       __optionalfields_??_7Kernel_System_ValueType@@6B@ 0000000010026778     Kernel.obj
 0004:0000377f       __optionalfields_??_7Kernel_System_Threading_Thread@@6B@ 000000001002677f     Kernel.obj
[...]
 0008:0000025a       __DD5AA43A_corecrt_wstdlib@h 000000001017c25a     NativeLib:ffunicode.obj
 0008:0000025b       __B55B1163_limits@h        000000001017c25b     NativeLib:ffunicode.obj
 0008:0000025c       __71F46169_stdlib@h        000000001017c25c     NativeLib:ffunicode.obj
 0008:0000025d       __DBA05CC8_unknwnbase@h    000000001017c25d     NativeLib:ffunicode.obj
 0008:0000025e       __D99DEA84_objidlbase@h    000000001017c25e     NativeLib:ffunicode.obj
 0008:0000025f       __A2F85269_cguid@h         000000001017c25f     NativeLib:ffunicode.obj
 0008:00000260       __A856EBD7_combaseapi@h    000000001017c260     NativeLib:ffunicode.obj
 0008:00000261       __47009772_unknwn@h        000000001017c261     NativeLib:ffunicode.obj
 0008:00000262       __558FF34F_objidl@h        000000001017c262     NativeLib:ffunicode.obj
 0008:00000263       __EA6828E6_oaidl@h         000000001017c263     NativeLib:ffunicode.obj
 0008:00000264       __DD5918D8_propidlbase@h   000000001017c264     NativeLib:ffunicode.obj
 0008:00000265       __A0E2593F_coml2api@h      000000001017c265     NativeLib:ffunicode.obj
 0008:00000266       __F4E63AC7_oleidl@h        000000001017c266     NativeLib:ffunicode.obj
 0008:00000267       __0E8757FF_servprov@h      000000001017c267     NativeLib:ffunicode.obj
 0008:00000268       __13616BE7_msxml@h         000000001017c268     NativeLib:ffunicode.obj
 0008:00000269       __287654D0_urlmon@h        000000001017c269     NativeLib:ffunicode.obj
 0008:0000026a       __3465A794_propidl@h       000000001017c26a     NativeLib:ffunicode.obj
 0008:0000026b       __D5EE8840_objbase@h       000000001017c26b     NativeLib:ffunicode.obj
 0008:0000026c       __B5981418_oleauto@h       000000001017c26c     NativeLib:ffunicode.obj
 0008:0000026d       __3AE83FC5_ole2@h          000000001017c26d     NativeLib:ffunicode.obj
 0008:0000026e       __5F30FE09_commdlg@h       000000001017c26e     NativeLib:ffunicode.obj
 0008:0000026f       __DD9DD587_stralign@h      000000001017c26f     NativeLib:ffunicode.obj
 0008:00000270       __B85B9837_winsvc@h        000000001017c270     NativeLib:ffunicode.obj
 0008:00000271       __12FBC1E4_mcx@h           000000001017c271     NativeLib:ffunicode.obj
 0008:00000272       __BC6D10F5_ime_cmodes@h    000000001017c272     NativeLib:ffunicode.obj
 0008:00000273       __1D49718C_imm@h           000000001017c273     NativeLib:ffunicode.obj
 0008:00000274       __95734585_windows@h       000000001017c274     NativeLib:ffunicode.obj
 0008:00000275       __C44F8F6B_corecrt_stdio_config@h 000000001017c275     NativeLib:ffunicode.obj
 0008:00000276       __E387ED1C_corecrt_wconio@h 000000001017c276     NativeLib:ffunicode.obj
 0008:00000277       __02A4DD57_corecrt_wdirect@h 000000001017c277     NativeLib:ffunicode.obj
 0008:00000278       __A056EFF3_corecrt_share@h 000000001017c278     NativeLib:ffunicode.obj
 0008:00000279       __91FC0EDF_corecrt_wio@h   000000001017c279     NativeLib:ffunicode.obj
 0008:0000027a       __6619318A_corecrt_wprocess@h 000000001017c27a     NativeLib:ffunicode.obj
 0008:0000027b       __A7F89B2B_corecrt_wstdio@h 000000001017c27b     NativeLib:ffunicode.obj
 0008:0000027c       __18070508_corecrt_wtime@h 000000001017c27c     NativeLib:ffunicode.obj
 0008:0000027d       __3D2AFB26_types@h         000000001017c27d     NativeLib:ffunicode.obj
 0008:0000027e       __72103B05_stat@h          000000001017c27e     NativeLib:ffunicode.obj
 0008:0000027f       __4BE26BFD_wchar@h         000000001017c27f     NativeLib:ffunicode.obj
 0008:00000280       __7A0A7160_tchar@h         000000001017c280     NativeLib:ffunicode.obj
 0008:00000281       __93552823_integer@h       000000001017c281     NativeLib:ffunicode.obj
 0008:00000282       __1484CF82_ffconf@h        000000001017c282     NativeLib:ffunicode.obj
 0008:00000283       __55B964E9_ff@h            000000001017c283     NativeLib:ffunicode.obj
 0008:00000284       __7CF9295E_ffunicode@c     000000001017c284     NativeLib:ffunicode.obj
 0008:00000285       __3347223C_winpackagefamily@h 000000001017c285     NativeLib:diskio.obj
 0008:00000286       __F5B671E4_winapifamily@h  000000001017c286     NativeLib:diskio.obj
 0008:00000287       __6866F092_sdkddkver@h     000000001017c287     NativeLib:diskio.obj
 0008:00000288       __A498CDFA_concurrencysal@h 000000001017c288     NativeLib:diskio.obj
 0008:00000289       __D74E66EA_sal@h           000000001017c289     NativeLib:diskio.obj
 0008:0000028a       __7320513A_vadefs@h        000000001017c28a     NativeLib:diskio.obj
 0008:0000028b       __E333153C_vcruntime@h     000000001017c28b     NativeLib:diskio.obj
 0008:0000028c       __D447A7F0_excpt@h         000000001017c28c     NativeLib:diskio.obj
 0008:0000028d       __3FF28193_stdarg@h        000000001017c28d     NativeLib:diskio.obj
 0008:0000028e       __4114BAD5_specstrings_undef@h 000000001017c28e     NativeLib:diskio.obj
 0008:0000028f       __50F9AEDC_specstrings_strict@h 000000001017c28f     NativeLib:diskio.obj
 0008:00000290       __BEFC0098_sdv_driverspecs@h 000000001017c290     NativeLib:diskio.obj
 0008:00000291       __39A39701_driverspecs@h   000000001017c291     NativeLib:diskio.obj
 0008:00000292       __B4D8BDAA_specstrings@h   000000001017c292     NativeLib:diskio.obj
 0008:00000293       __04C75F1C_corecrt@h       000000001017c293     NativeLib:diskio.obj
 0008:00000294       __78D0C915_corecrt_wctype@h 000000001017c294     NativeLib:diskio.obj
 0008:00000295       __6AECDA3E_ctype@h         000000001017c295     NativeLib:diskio.obj
 0008:00000296       __B6CCE7CD_kernelspecs@h   000000001017c296     NativeLib:diskio.obj
 0008:00000297       __201B1099_basetsd@h       000000001017c297     NativeLib:diskio.obj
 0008:00000298       __15E49872_errno@h         000000001017c298     NativeLib:diskio.obj
 0008:00000299       __CC7A7A78_vcruntime_string@h 000000001017c299     NativeLib:diskio.obj
 0008:0000029a       __184F7456_corecrt_memcpy_s@h 000000001017c29a     NativeLib:diskio.obj
 0008:0000029b       __82377222_corecrt_memory@h 000000001017c29b     NativeLib:diskio.obj
 0008:0000029c       __5B29309E_corecrt_wstring@h 000000001017c29c     NativeLib:diskio.obj
 0008:0000029d       __F787F5CD_string@h        000000001017c29d     NativeLib:diskio.obj
 0008:0000029e       __8C99318D_guiddef@h       000000001017c29e     NativeLib:diskio.obj
 0008:0000029f       __A3CAA675_pshpack4@h      000000001017c29f     NativeLib:diskio.obj
 0008:000002a0       __2611E9B9_poppack@h       000000001017c2a0     NativeLib:diskio.obj
 0008:000002a1       __A747DAC7_pshpack2@h      000000001017c2a1     NativeLib:diskio.obj
 0008:000002a2       __AAD05F11_pshpack8@h      000000001017c2a2     NativeLib:diskio.obj
 0008:000002a3       __A501649E_pshpack1@h      000000001017c2a3     NativeLib:diskio.obj
 0008:000002a4       __0E9D9C0E_apiset@h        000000001017c2a4     NativeLib:diskio.obj
 0008:000002a5       __F9851A06_ktmtypes@h      000000001017c2a5     NativeLib:diskio.obj
 0008:000002a6       __9DA2B69E_winnt@h         000000001017c2a6     NativeLib:diskio.obj
 0008:000002a7       __E9AED855_minwindef@h     000000001017c2a7     NativeLib:diskio.obj
 0008:000002a8       __9668718B_windef@h        000000001017c2a8     NativeLib:diskio.obj
 0008:000002a9       __B47C9622_apisetcconv@h   000000001017c2a9     NativeLib:diskio.obj
 0008:000002aa       __77F4CE3E_minwinbase@h    000000001017c2aa     NativeLib:diskio.obj
 0008:000002ab       __42CF8FD5_apiquery2@h     000000001017c2ab     NativeLib:diskio.obj
 0008:000002ac       __A6C51434_processenv@h    000000001017c2ac     NativeLib:diskio.obj
 0008:000002ad       __415D7145_fileapi@h       000000001017c2ad     NativeLib:diskio.obj
 0008:000002ae       __A7316A9B_fileapifromapp@h 000000001017c2ae     NativeLib:diskio.obj
 0008:000002af       __A0359A2D_debugapi@h      000000001017c2af     NativeLib:diskio.obj
 0008:000002b0       __28BE1226_utilapiset@h    000000001017c2b0     NativeLib:diskio.obj
 0008:000002b1       __6933B394_handleapi@h     000000001017c2b1     NativeLib:diskio.obj
 0008:000002b2       __57F09DF9_errhandlingapi@h 000000001017c2b2     NativeLib:diskio.obj
 0008:000002b3       __E0622DF9_fibersapi@h     000000001017c2b3     NativeLib:diskio.obj
 0008:000002b4       __D531F6AB_namedpipeapi@h  000000001017c2b4     NativeLib:diskio.obj
 0008:000002b5       __ADD82BB4_profileapi@h    000000001017c2b5     NativeLib:diskio.obj
 0008:000002b6       __ECFC4D70_heapapi@h       000000001017c2b6     NativeLib:diskio.obj
 0008:000002b7       __4F41815B_ioapiset@h      000000001017c2b7     NativeLib:diskio.obj
 0008:000002b8       __8D44BFB7_synchapi@h      000000001017c2b8     NativeLib:diskio.obj
 0008:000002b9       __8CAEC090_interlockedapi@h 000000001017c2b9     NativeLib:diskio.obj
 0008:000002ba       __8ABF54F4_processthreadsapi@h 000000001017c2ba     NativeLib:diskio.obj
 0008:000002bb       __1462A586_sysinfoapi@h    000000001017c2bb     NativeLib:diskio.obj
 0008:000002bc       __369DBA4C_memoryapi@h     000000001017c2bc     NativeLib:diskio.obj
 0008:000002bd       __02D65571_enclaveapi@h    000000001017c2bd     NativeLib:diskio.obj
 0008:000002be       __50387E19_threadpoollegacyapiset@h 000000001017c2be     NativeLib:diskio.obj
 0008:000002bf       __C40195AA_threadpoolapiset@h 000000001017c2bf     NativeLib:diskio.obj
 0008:000002c0       __792B5764_jobapi@h        000000001017c2c0     NativeLib:diskio.obj
 0008:000002c1       __BAD0D5EB_jobapi2@h       000000001017c2c1     NativeLib:diskio.obj
 0008:000002c2       __C6FE0B21_wow64apiset@h   000000001017c2c2     NativeLib:diskio.obj
 0008:000002c3       __94EE79C1_libloaderapi@h  000000001017c2c3     NativeLib:diskio.obj
 0008:000002c4       __E203BDE6_securitybaseapi@h 000000001017c2c4     NativeLib:diskio.obj
 0008:000002c5       __9590F1DC_namespaceapi@h  000000001017c2c5     NativeLib:diskio.obj
 0008:000002c6       __0F4602F6_systemtopologyapi@h 000000001017c2c6     NativeLib:diskio.obj
 0008:000002c7       __B1B3B677_processtopologyapi@h 000000001017c2c7     NativeLib:diskio.obj
 0008:000002c8       __7DD200C2_securityappcontainer@h 000000001017c2c8     NativeLib:diskio.obj
 0008:000002c9       __130664A2_realtimeapiset@h 000000001017c2c9     NativeLib:diskio.obj
 0008:000002ca       __A8C6672F_winerror@h      000000001017c2ca     NativeLib:diskio.obj
 0008:000002cb       __A093DD28_timezoneapi@h   000000001017c2cb     NativeLib:diskio.obj
 0008:000002cc       __6BD3506C_winbase@h       000000001017c2cc     NativeLib:diskio.obj
 0008:000002cd       __DABCB3B7_wingdi@h        000000001017c2cd     NativeLib:diskio.obj
 0008:000002ce       __CD8F5E54_tvout@h         000000001017c2ce     NativeLib:diskio.obj
 0008:000002cf       __033B1B1B_winuser@h       000000001017c2cf     NativeLib:diskio.obj
 0008:000002d0       __F8663FCA_datetimeapi@h   000000001017c2d0     NativeLib:diskio.obj
 0008:000002d1       __03A9DF8F_winnls@h        000000001017c2d1     NativeLib:diskio.obj
 0008:000002d2       __CB7A78CC_stringapiset@h  000000001017c2d2     NativeLib:diskio.obj
 0008:000002d3       __3F149E59_wincontypes@h   000000001017c2d3     NativeLib:diskio.obj
 0008:000002d4       __7CC6F8F3_consoleapi@h    000000001017c2d4     NativeLib:diskio.obj
 0008:000002d5       __D4BE3EA3_consoleapi2@h   000000001017c2d5     NativeLib:diskio.obj
 0008:000002d6       __D57C5494_consoleapi3@h   000000001017c2d6     NativeLib:diskio.obj
 0008:000002d7       __FD7284F3_wincon@h        000000001017c2d7     NativeLib:diskio.obj
 0008:000002d8       __2EBE7A74_verrsrc@h       000000001017c2d8     NativeLib:diskio.obj
 0008:000002d9       __2FF32671_winver@h        000000001017c2d9     NativeLib:diskio.obj
 0008:000002da       __E384C5B4_reason@h        000000001017c2da     NativeLib:diskio.obj
 0008:000002db       __C09EE12A_winreg@h        000000001017c2db     NativeLib:diskio.obj
 0008:000002dc       __F1A080AC_wnnc@h          000000001017c2dc     NativeLib:diskio.obj
 0008:000002dd       __C375DB87_winnetwk@h      000000001017c2dd     NativeLib:diskio.obj
 0008:000002de       __F202032E_cderr@h         000000001017c2de     NativeLib:diskio.obj
 0008:000002df       __96C2AB0F_dde@h           000000001017c2df     NativeLib:diskio.obj
 0008:000002e0       __005A4F24_ddeml@h         000000001017c2e0     NativeLib:diskio.obj
 0008:000002e1       __8B7EE07A_dlgs@h          000000001017c2e1     NativeLib:diskio.obj
 0008:000002e2       __0D44BE7C_lzexpand@h      000000001017c2e2     NativeLib:diskio.obj
 0008:000002e3       __7DBDB4C6_mmsyscom@h      000000001017c2e3     NativeLib:diskio.obj
 0008:000002e4       __DE89C4CA_mciapi@h        000000001017c2e4     NativeLib:diskio.obj
 0008:000002e5       __42D37885_mmiscapi@h      000000001017c2e5     NativeLib:diskio.obj
 0008:000002e6       __6DE6FF2A_mmiscapi2@h     000000001017c2e6     NativeLib:diskio.obj
 0008:000002e7       __FF70E3D7_playsoundapi@h  000000001017c2e7     NativeLib:diskio.obj
 0008:000002e8       __F9747FEC_mmeapi@h        000000001017c2e8     NativeLib:diskio.obj
 0008:000002e9       __651C1006_timeapi@h       000000001017c2e9     NativeLib:diskio.obj
 0008:000002ea       __60A046E1_joystickapi@h   000000001017c2ea     NativeLib:diskio.obj
 0008:000002eb       __C0C01F30_mmsystem@h      000000001017c2eb     NativeLib:diskio.obj
 0008:000002ec       __A366D611_nb30@h          000000001017c2ec     NativeLib:diskio.obj
 0008:000002ed       __2CD5644B_rpcdcep@h       000000001017c2ed     NativeLib:diskio.obj
 0008:000002ee       __B77D54A9_rpcdce@h        000000001017c2ee     NativeLib:diskio.obj
 0008:000002ef       __1C5A7A47_rpcnsi@h        000000001017c2ef     NativeLib:diskio.obj
 0008:000002f0       __71643EA7_rpcnterr@h      000000001017c2f0     NativeLib:diskio.obj
 0008:000002f1       __38122515_rpcasync@h      000000001017c2f1     NativeLib:diskio.obj
 0008:000002f2       __DEF407DB_rpc@h           000000001017c2f2     NativeLib:diskio.obj
 0008:000002f3       __064CC72C_shellapi@h      000000001017c2f3     NativeLib:diskio.obj
 0008:000002f4       __6AB78C00_winperf@h       000000001017c2f4     NativeLib:diskio.obj
 0008:000002f5       __683BB200_inaddr@h        000000001017c2f5     NativeLib:diskio.obj
 0008:000002f6       __46EE45A6_winsock@h       000000001017c2f6     NativeLib:diskio.obj
 0008:000002f7       __924250EA_bcrypt@h        000000001017c2f7     NativeLib:diskio.obj
 0008:000002f8       __7D79DD11_ncrypt@h        000000001017c2f8     NativeLib:diskio.obj
 0008:000002f9       __C925E4C0_dpapi@h         000000001017c2f9     NativeLib:diskio.obj
 0008:000002fa       __CE4C9021_wincrypt@h      000000001017c2fa     NativeLib:diskio.obj
 0008:000002fb       __1BC40EFA_winefs@h        000000001017c2fb     NativeLib:diskio.obj
 0008:000002fc       __6BCC8C1A_rpcnsip@h       000000001017c2fc     NativeLib:diskio.obj
 0008:000002fd       __C065EC3F_rpcsal@h        000000001017c2fd     NativeLib:diskio.obj
 0008:000002fe       __7973C144_rpcndr@h        000000001017c2fe     NativeLib:diskio.obj
 0008:000002ff       __B58B1953_wtypesbase@h    000000001017c2ff     NativeLib:diskio.obj
 0008:00000300       __013FEE7F_wtypes@h        000000001017c300     NativeLib:diskio.obj
 0008:00000301       __62733496_winioctl@h      000000001017c301     NativeLib:diskio.obj
 0008:00000302       __B9109027_winsmcrd@h      000000001017c302     NativeLib:diskio.obj
 0008:00000303       __87A76A69_winscard@h      000000001017c303     NativeLib:diskio.obj
 0008:00000304       __8C0F76A7_prsht@h         000000001017c304     NativeLib:diskio.obj
 0008:00000305       __11B57AC7_winspool@h      000000001017c305     NativeLib:diskio.obj
 0008:00000306       __494656A0_corecrt_malloc@h 000000001017c306     NativeLib:diskio.obj
 0008:00000307       __0C5B3DCC_stddef@h        000000001017c307     NativeLib:diskio.obj
 0008:00000308       __F1F53BCE_corecrt_search@h 000000001017c308     NativeLib:diskio.obj
 0008:00000309       __DD5AA43A_corecrt_wstdlib@h 000000001017c309     NativeLib:diskio.obj
 0008:0000030a       __B55B1163_limits@h        000000001017c30a     NativeLib:diskio.obj
 0008:0000030b       __71F46169_stdlib@h        000000001017c30b     NativeLib:diskio.obj
 0008:0000030c       __DBA05CC8_unknwnbase@h    000000001017c30c     NativeLib:diskio.obj
 0008:0000030d       __D99DEA84_objidlbase@h    000000001017c30d     NativeLib:diskio.obj
 0008:0000030e       __A2F85269_cguid@h         000000001017c30e     NativeLib:diskio.obj
 0008:0000030f       __A856EBD7_combaseapi@h    000000001017c30f     NativeLib:diskio.obj
 0008:00000310       __47009772_unknwn@h        000000001017c310     NativeLib:diskio.obj
 0008:00000311       __558FF34F_objidl@h        000000001017c311     NativeLib:diskio.obj
 0008:00000312       __EA6828E6_oaidl@h         000000001017c312     NativeLib:diskio.obj
 0008:00000313       __DD5918D8_propidlbase@h   000000001017c313     NativeLib:diskio.obj
 0008:00000314       __A0E2593F_coml2api@h      000000001017c314     NativeLib:diskio.obj
 0008:00000315       __F4E63AC7_oleidl@h        000000001017c315     NativeLib:diskio.obj
 0008:00000316       __0E8757FF_servprov@h      000000001017c316     NativeLib:diskio.obj
 0008:00000317       __13616BE7_msxml@h         000000001017c317     NativeLib:diskio.obj
 0008:00000318       __287654D0_urlmon@h        000000001017c318     NativeLib:diskio.obj
 0008:00000319       __3465A794_propidl@h       000000001017c319     NativeLib:diskio.obj
 0008:0000031a       __D5EE8840_objbase@h       000000001017c31a     NativeLib:diskio.obj
 0008:0000031b       __B5981418_oleauto@h       000000001017c31b     NativeLib:diskio.obj
 0008:0000031c       __3AE83FC5_ole2@h          000000001017c31c     NativeLib:diskio.obj
 0008:0000031d       __5F30FE09_commdlg@h       000000001017c31d     NativeLib:diskio.obj
 0008:0000031e       __DD9DD587_stralign@h      000000001017c31e     NativeLib:diskio.obj
 0008:0000031f       __B85B9837_winsvc@h        000000001017c31f     NativeLib:diskio.obj
 0008:00000320       __12FBC1E4_mcx@h           000000001017c320     NativeLib:diskio.obj
 0008:00000321       __BC6D10F5_ime_cmodes@h    000000001017c321     NativeLib:diskio.obj
 0008:00000322       __1D49718C_imm@h           000000001017c322     NativeLib:diskio.obj
 0008:00000323       __95734585_windows@h       000000001017c323     NativeLib:diskio.obj
 0008:00000324       __C44F8F6B_corecrt_stdio_config@h 000000001017c324     NativeLib:diskio.obj
 0008:00000325       __E387ED1C_corecrt_wconio@h 000000001017c325     NativeLib:diskio.obj
 0008:00000326       __02A4DD57_corecrt_wdirect@h 000000001017c326     NativeLib:diskio.obj
 0008:00000327       __A056EFF3_corecrt_share@h 000000001017c327     NativeLib:diskio.obj
 0008:00000328       __91FC0EDF_corecrt_wio@h   000000001017c328     NativeLib:diskio.obj
 0008:00000329       __6619318A_corecrt_wprocess@h 000000001017c329     NativeLib:diskio.obj
 0008:0000032a       __A7F89B2B_corecrt_wstdio@h 000000001017c32a     NativeLib:diskio.obj
 0008:0000032b       __18070508_corecrt_wtime@h 000000001017c32b     NativeLib:diskio.obj
 0008:0000032c       __3D2AFB26_types@h         000000001017c32c     NativeLib:diskio.obj
 0008:0000032d       __72103B05_stat@h          000000001017c32d     NativeLib:diskio.obj
 0008:0000032e       __4BE26BFD_wchar@h         000000001017c32e     NativeLib:diskio.obj
 0008:0000032f       __7A0A7160_tchar@h         000000001017c32f     NativeLib:diskio.obj
 0008:00000330       __93552823_integer@h       000000001017c330     NativeLib:diskio.obj
 0008:00000331       __C4B91F7B_diskio@h        000000001017c331     NativeLib:diskio.obj
 0008:00000332       __536BC6F3_diskio@c        000000001017c332     NativeLib:diskio.obj
 0009:000000a0       $R000000                   000000001017d0a0     Kernel.res
 0009:000002e8       $R000248                   000000001017d2e8     Kernel.res
